Archive member included to satisfy reference by file (symbol)

c:/st/stm32cubeide_1.7.0/stm32cubeide/plugins/com.st.stm32cube.ide.mcu.externaltools.gnu-tools-for-stm32.9-2020-q2-update.win32_2.0.0.202105311346/tools/bin/../lib/gcc/arm-none-eabi/9.3.1/../../../../arm-none-eabi/lib/thumb/v7e-m+fp/hard\libc_nano.a(lib_a-errno.o)
                              ./Core/Src/syscalls.o (__errno)
c:/st/stm32cubeide_1.7.0/stm32cubeide/plugins/com.st.stm32cube.ide.mcu.externaltools.gnu-tools-for-stm32.9-2020-q2-update.win32_2.0.0.202105311346/tools/bin/../lib/gcc/arm-none-eabi/9.3.1/../../../../arm-none-eabi/lib/thumb/v7e-m+fp/hard\libc_nano.a(lib_a-exit.o)
                              c:/st/stm32cubeide_1.7.0/stm32cubeide/plugins/com.st.stm32cube.ide.mcu.externaltools.gnu-tools-for-stm32.9-2020-q2-update.win32_2.0.0.202105311346/tools/bin/../lib/gcc/arm-none-eabi/9.3.1/../../../../arm-none-eabi/lib/thumb/v7e-m+fp/hard/crt0.o (exit)
c:/st/stm32cubeide_1.7.0/stm32cubeide/plugins/com.st.stm32cube.ide.mcu.externaltools.gnu-tools-for-stm32.9-2020-q2-update.win32_2.0.0.202105311346/tools/bin/../lib/gcc/arm-none-eabi/9.3.1/../../../../arm-none-eabi/lib/thumb/v7e-m+fp/hard\libc_nano.a(lib_a-impure.o)
                              c:/st/stm32cubeide_1.7.0/stm32cubeide/plugins/com.st.stm32cube.ide.mcu.externaltools.gnu-tools-for-stm32.9-2020-q2-update.win32_2.0.0.202105311346/tools/bin/../lib/gcc/arm-none-eabi/9.3.1/../../../../arm-none-eabi/lib/thumb/v7e-m+fp/hard\libc_nano.a(lib_a-exit.o) (_global_impure_ptr)
c:/st/stm32cubeide_1.7.0/stm32cubeide/plugins/com.st.stm32cube.ide.mcu.externaltools.gnu-tools-for-stm32.9-2020-q2-update.win32_2.0.0.202105311346/tools/bin/../lib/gcc/arm-none-eabi/9.3.1/../../../../arm-none-eabi/lib/thumb/v7e-m+fp/hard\libc_nano.a(lib_a-init.o)
                              c:/st/stm32cubeide_1.7.0/stm32cubeide/plugins/com.st.stm32cube.ide.mcu.externaltools.gnu-tools-for-stm32.9-2020-q2-update.win32_2.0.0.202105311346/tools/bin/../lib/gcc/arm-none-eabi/9.3.1/../../../../arm-none-eabi/lib/thumb/v7e-m+fp/hard/crt0.o (__libc_init_array)
c:/st/stm32cubeide_1.7.0/stm32cubeide/plugins/com.st.stm32cube.ide.mcu.externaltools.gnu-tools-for-stm32.9-2020-q2-update.win32_2.0.0.202105311346/tools/bin/../lib/gcc/arm-none-eabi/9.3.1/../../../../arm-none-eabi/lib/thumb/v7e-m+fp/hard\libc_nano.a(lib_a-memcpy-stub.o)
                              ./Core/Src/Buzzer.o (memcpy)
c:/st/stm32cubeide_1.7.0/stm32cubeide/plugins/com.st.stm32cube.ide.mcu.externaltools.gnu-tools-for-stm32.9-2020-q2-update.win32_2.0.0.202105311346/tools/bin/../lib/gcc/arm-none-eabi/9.3.1/../../../../arm-none-eabi/lib/thumb/v7e-m+fp/hard\libc_nano.a(lib_a-memset.o)
                              c:/st/stm32cubeide_1.7.0/stm32cubeide/plugins/com.st.stm32cube.ide.mcu.externaltools.gnu-tools-for-stm32.9-2020-q2-update.win32_2.0.0.202105311346/tools/bin/../lib/gcc/arm-none-eabi/9.3.1/../../../../arm-none-eabi/lib/thumb/v7e-m+fp/hard/crt0.o (memset)
c:/st/stm32cubeide_1.7.0/stm32cubeide/plugins/com.st.stm32cube.ide.mcu.externaltools.gnu-tools-for-stm32.9-2020-q2-update.win32_2.0.0.202105311346/tools/bin/../lib/gcc/arm-none-eabi/9.3.1/../../../../arm-none-eabi/lib/thumb/v7e-m+fp/hard\libc_nano.a(lib_a-rand.o)
                              ./Core/Src/main.o (srand)
c:/st/stm32cubeide_1.7.0/stm32cubeide/plugins/com.st.stm32cube.ide.mcu.externaltools.gnu-tools-for-stm32.9-2020-q2-update.win32_2.0.0.202105311346/tools/bin/../lib/gcc/arm-none-eabi/9.3.1/../../../../arm-none-eabi/lib/thumb/v7e-m+fp/hard\libc_nano.a(lib_a-sprintf.o)
                              ./Core/Src/main.o (sprintf)
c:/st/stm32cubeide_1.7.0/stm32cubeide/plugins/com.st.stm32cube.ide.mcu.externaltools.gnu-tools-for-stm32.9-2020-q2-update.win32_2.0.0.202105311346/tools/bin/../lib/gcc/arm-none-eabi/9.3.1/../../../../arm-none-eabi/lib/thumb/v7e-m+fp/hard\libc_nano.a(lib_a-strlen.o)
                              ./Core/Src/LiquidCrystal.o (strlen)
c:/st/stm32cubeide_1.7.0/stm32cubeide/plugins/com.st.stm32cube.ide.mcu.externaltools.gnu-tools-for-stm32.9-2020-q2-update.win32_2.0.0.202105311346/tools/bin/../lib/gcc/arm-none-eabi/9.3.1/../../../../arm-none-eabi/lib/thumb/v7e-m+fp/hard\libc_nano.a(lib_a-assert.o)
                              c:/st/stm32cubeide_1.7.0/stm32cubeide/plugins/com.st.stm32cube.ide.mcu.externaltools.gnu-tools-for-stm32.9-2020-q2-update.win32_2.0.0.202105311346/tools/bin/../lib/gcc/arm-none-eabi/9.3.1/../../../../arm-none-eabi/lib/thumb/v7e-m+fp/hard\libc_nano.a(lib_a-rand.o) (__assert_func)
c:/st/stm32cubeide_1.7.0/stm32cubeide/plugins/com.st.stm32cube.ide.mcu.externaltools.gnu-tools-for-stm32.9-2020-q2-update.win32_2.0.0.202105311346/tools/bin/../lib/gcc/arm-none-eabi/9.3.1/../../../../arm-none-eabi/lib/thumb/v7e-m+fp/hard\libc_nano.a(lib_a-fprintf.o)
[...]
Memory Configuration

Name             Origin             Length             Attributes
CCMRAM           0x0000000010000000 0x0000000000002000 xrw
RAM              0x0000000020000000 0x000000000000a000 xrw
FLASH            0x0000000008000000 0x0000000000040000 xr
*default*        0x0000000000000000 0xffffffffffffffff

Linker script and memory map

LOAD c:/st/stm32cubeide_1.7.0/stm32cubeide/plugins/com.st.stm32cube.ide.mcu.externaltools.gnu-tools-for-stm32.9-2020-q2-update.win32_2.0.0.202105311346/tools/bin/../lib/gcc/arm-none-eabi/9.3.1/thumb/v7e-m+fp/hard/crti.o
LOAD c:/st/stm32cubeide_1.7.0/stm32cubeide/plugins/com.st.stm32cube.ide.mcu.externaltools.gnu-tools-for-stm32.9-2020-q2-update.win32_2.0.0.202105311346/tools/bin/../lib/gcc/arm-none-eabi/9.3.1/thumb/v7e-m+fp/hard/crtbegin.o
LOAD c:/st/stm32cubeide_1.7.0/stm32cubeide/plugins/com.st.stm32cube.ide.mcu.externaltools.gnu-tools-for-stm32.9-2020-q2-update.win32_2.0.0.202105311346/tools/bin/../lib/gcc/arm-none-eabi/9.3.1/../../../../arm-none-eabi/lib/thumb/v7e-m+fp/hard/crt0.o
LOAD ./Core/Src/Buzzer.o
LOAD ./Core/Src/LiquidCrystal.o
LOAD ./Core/Src/main.o
LOAD ./Core/Src/stm32f3xx_hal_msp.o
LOAD ./Core/Src/stm32f3xx_it.o
LOAD ./Core/Src/syscalls.o
LOAD ./Core/Src/sysmem.o
LOAD ./Core/Src/system_stm32f3xx.o
LOAD ./Core/Startup/startup_stm32f303vctx.o
LOAD ./Drivers/STM32F3xx_HAL_Driver/Src/stm32f3xx_hal.o
LOAD ./Drivers/STM32F3xx_HAL_Driver/Src/stm32f3xx_hal_adc.o
LOAD ./Drivers/STM32F3xx_HAL_Driver/Src/stm32f3xx_hal_adc_ex.o
LOAD ./Drivers/STM32F3xx_HAL_Driver/Src/stm32f3xx_hal_cortex.o
LOAD ./Drivers/STM32F3xx_HAL_Driver/Src/stm32f3xx_hal_dma.o
LOAD ./Drivers/STM32F3xx_HAL_Driver/Src/stm32f3xx_hal_exti.o
LOAD ./Drivers/STM32F3xx_HAL_Driver/Src/stm32f3xx_hal_flash.o
LOAD ./Drivers/STM32F3xx_HAL_Driver/Src/stm32f3xx_hal_flash_ex.o
LOAD ./Drivers/STM32F3xx_HAL_Driver/Src/stm32f3xx_hal_gpio.o
LOAD ./Drivers/STM32F3xx_HAL_Driver/Src/stm32f3xx_hal_i2c.o
LOAD ./Drivers/STM32F3xx_HAL_Driver/Src/stm32f3xx_hal_i2c_ex.o
LOAD ./Drivers/STM32F3xx_HAL_Driver/Src/stm32f3xx_hal_pcd.o
LOAD ./Drivers/STM32F3xx_HAL_Driver/Src/stm32f3xx_hal_pcd_ex.o
LOAD ./Drivers/STM32F3xx_HAL_Driver/Src/stm32f3xx_hal_pwr.o
LOAD ./Drivers/STM32F3xx_HAL_Driver/Src/stm32f3xx_hal_pwr_ex.o
LOAD ./Drivers/STM32F3xx_HAL_Driver/Src/stm32f3xx_hal_rcc.o
LOAD ./Drivers/STM32F3xx_HAL_Driver/Src/stm32f3xx_hal_rcc_ex.o
LOAD ./Drivers/STM32F3xx_HAL_Driver/Src/stm32f3xx_hal_spi.o
LOAD ./Drivers/STM32F3xx_HAL_Driver/Src/stm32f3xx_hal_spi_ex.o
LOAD ./Drivers/STM32F3xx_HAL_Driver/Src/stm32f3xx_hal_tim.o
LOAD ./Drivers/STM32F3xx_HAL_Driver/Src/stm32f3xx_hal_tim_ex.o
LOAD ./Drivers/STM32F3xx_HAL_Driver/Src/stm32f3xx_ll_usb.o
START GROUP
LOAD c:/st/stm32cubeide_1.7.0/stm32cubeide/plugins/com.st.stm32cube.ide.mcu.externaltools.gnu-tools-for-stm32.9-2020-q2-update.win32_2.0.0.202105311346/tools/bin/../lib/gcc/arm-none-eabi/9.3.1/../../../../arm-none-eabi/lib/thumb/v7e-m+fp/hard\libc_nano.a
LOAD c:/st/stm32cubeide_1.7.0/stm32cubeide/plugins/com.st.stm32cube.ide.mcu.externaltools.gnu-tools-for-stm32.9-2020-q2-update.win32_2.0.0.202105311346/tools/bin/../lib/gcc/arm-none-eabi/9.3.1/../../../../arm-none-eabi/lib/thumb/v7e-m+fp/hard\libm.a
END GROUP
START GROUP
LOAD c:/st/stm32cubeide_1.7.0/stm32cubeide/plugins/com.st.stm32cube.ide.mcu.externaltools.gnu-tools-for-stm32.9-2020-q2-update.win32_2.0.0.202105311346/tools/bin/../lib/gcc/arm-none-eabi/9.3.1/thumb/v7e-m+fp/hard\libgcc.a
LOAD c:/st/stm32cubeide_1.7.0/stm32cubeide/plugins/com.st.stm32cube.ide.mcu.externaltools.gnu-tools-for-stm32.9-2020-q2-update.win32_2.0.0.202105311346/tools/bin/../lib/gcc/arm-none-eabi/9.3.1/../../../../arm-none-eabi/lib/thumb/v7e-m+fp/hard\libc_nano.a
END GROUP
START GROUP
LOAD c:/st/stm32cubeide_1.7.0/stm32cubeide/plugins/com.st.stm32cube.ide.mcu.externaltools.gnu-tools-for-stm32.9-2020-q2-update.win32_2.0.0.202105311346/tools/bin/../lib/gcc/arm-none-eabi/9.3.1/thumb/v7e-m+fp/hard\libgcc.a
LOAD c:/st/stm32cubeide_1.7.0/stm32cubeide/plugins/com.st.stm32cube.ide.mcu.externaltools.gnu-tools-for-stm32.9-2020-q2-update.win32_2.0.0.202105311346/tools/bin/../lib/gcc/arm-none-eabi/9.3.1/../../../../arm-none-eabi/lib/thumb/v7e-m+fp/hard\libc_nano.a
LOAD c:/st/stm32cubeide_1.7.0/stm32cubeide/plugins/com.st.stm32cube.ide.mcu.externaltools.gnu-tools-for-stm32.9-2020-q2-update.win32_2.0.0.202105311346/tools/bin/../lib/gcc/arm-none-eabi/9.3.1/../../../../arm-none-eabi/lib/thumb/v7e-m+fp/hard\libnosys.a
END GROUP
START GROUP
LOAD c:/st/stm32cubeide_1.7.0/stm32cubeide/plugins/com.st.stm32cube.ide.mcu.externaltools.gnu-tools-for-stm32.9-2020-q2-update.win32_2.0.0.202105311346/tools/bin/../lib/gcc/arm-none-eabi/9.3.1/thumb/v7e-m+fp/hard\libgcc.a
LOAD c:/st/stm32cubeide_1.7.0/stm32cubeide/plugins/com.st.stm32cube.ide.mcu.externaltools.gnu-tools-for-stm32.9-2020-q2-update.win32_2.0.0.202105311346/tools/bin/../lib/gcc/arm-none-eabi/9.3.1/../../../../arm-none-eabi/lib/thumb/v7e-m+fp/hard\libc_nano.a
LOAD c:/st/stm32cubeide_1.7.0/stm32cubeide/plugins/com.st.stm32cube.ide.mcu.externaltools.gnu-tools-for-stm32.9-2020-q2-update.win32_2.0.0.202105311346/tools/bin/../lib/gcc/arm-none-eabi/9.3.1/../../../../arm-none-eabi/lib/thumb/v7e-m+fp/hard\libnosys.a
END GROUP
LOAD c:/st/stm32cubeide_1.7.0/stm32cubeide/plugins/com.st.stm32cube.ide.mcu.externaltools.gnu-tools-for-stm32.9-2020-q2-update.win32_2.0.0.202105311346/tools/bin/../lib/gcc/arm-none-eabi/9.3.1/thumb/v7e-m+fp/hard/crtend.o
LOAD c:/st/stm32cubeide_1.7.0/stm32cubeide/plugins/com.st.stm32cube.ide.mcu.externaltools.gnu-tools-for-stm32.9-2020-q2-update.win32_2.0.0.202105311346/tools/bin/../lib/gcc/arm-none-eabi/9.3.1/thumb/v7e-m+fp/hard/crtn.o
                0x000000002000a000                _estack = (ORIGIN (RAM) + LENGTH (RAM))
                0x0000000000000200                _Min_Heap_Size = 0x200
                0x0000000000000400                _Min_Stack_Size = 0x400

.isr_vector     0x0000000008000000      0x188
                0x0000000008000000                . = ALIGN (0x4)
 *(.isr_vector)
 .isr_vector    0x0000000008000000      0x188 ./Core/Startup/startup_stm32f303vctx.o
                0x0000000008000000                g_pfnVectors
                0x0000000008000188                . = ALIGN (0x4)

.text           0x0000000008000190     0x9dc8
                0x0000000008000190                . = ALIGN (0x4)
 *(.text)
 .text          0x0000000008000190       0x40 c:/st/stm32cubeide_1.7.0/stm32cubeide/plugins/com.st.stm32cube.ide.mcu.externaltools.gnu-tools-for-stm32.9-2020-q2-update.win32_2.0.0.202105311346/tools/bin/../lib/gcc/arm-none-eabi/9.3.1/thumb/v7e-m+fp/hard/crtbegin.o
 .text          0x00000000080001d0       0x10 c:/st/stm32cubeide_1.7.0/stm32cubeide/plugins/com.st.stm32cube.ide.mcu.externaltools.gnu-tools-for-stm32.9-2020-q2-update.win32_2.0.0.202105311346/tools/bin/../lib/gcc/arm-none-eabi/9.3.1/../../../../arm-none-eabi/lib/thumb/v7e-m+fp/hard\libc_nano.a(lib_a-strlen.o)
                0x00000000080001d0                strlen
 .text          0x00000000080001e0       0xa0 c:/st/stm32cubeide_1.7.0/stm32cubeide/plugins/com.st.stm32cube.ide.mcu.externaltools.gnu-tools-for-stm32.9-2020-q2-update.win32_2.0.0.202105311346/tools/bin/../lib/gcc/arm-none-eabi/9.3.1/../../../../arm-none-eabi/lib/thumb/v7e-m+fp/hard\libc_nano.a(lib_a-memchr.o)
                0x00000000080001e0                memchr
 .text          0x0000000008000280      0x378 c:/st/stm32cubeide_1.7.0/stm32cubeide/plugins/com.st.stm32cube.ide.mcu.externaltools.gnu-tools-for-stm32.9-2020-q2-update.win32_2.0.0.202105311346/tools/bin/../lib/gcc/arm-none-eabi/9.3.1/thumb/v7e-m+fp/hard\libgcc.a(_arm_addsubdf3.o)
                0x0000000008000280                __aeabi_drsub
                0x0000000008000288                __aeabi_dsub
                0x0000000008000288                __subdf3
                0x000000000800028c                __aeabi_dadd
                0x000000000800028c                __adddf3
                0x0000000008000504                __floatunsidf
                0x0000000008000504                __aeabi_ui2d
                0x0000000008000524                __floatsidf
                0x0000000008000524                __aeabi_i2d
                0x0000000008000548                __aeabi_f2d
                0x0000000008000548                __extendsfdf2
                0x000000000800058c                __floatundidf
                0x000000000800058c                __aeabi_ul2d
                0x000000000800059c                __floatdidf
                0x000000000800059c                __aeabi_l2d
 .text          0x00000000080005f8      0x424 c:/st/stm32cubeide_1.7.0/stm32cubeide/plugins/com.st.stm32cube.ide.mcu.externaltools.gnu-tools-for-stm32.9-2020-q2-update.win32_2.0.0.202105311346/tools/bin/../lib/gcc/arm-none-eabi/9.3.1/thumb/v7e-m+fp/hard\libgcc.a(_arm_muldivdf3.o)
                0x00000000080005f8                __aeabi_dmul
                0x00000000080005f8                __muldf3
                0x000000000800084c                __divdf3
                0x000000000800084c                __aeabi_ddiv
 .text          0x0000000008000a1c       0x50 c:/st/stm32cubeide_1.7.0/stm32cubeide/plugins/com.st.stm32cube.ide.mcu.externaltools.gnu-tools-for-stm32.9-2020-q2-update.win32_2.0.0.202105311346/tools/bin/../lib/gcc/arm-none-eabi/9.3.1/thumb/v7e-m+fp/hard\libgcc.a(_arm_fixdfsi.o)
                0x0000000008000a1c                __aeabi_d2iz
                0x0000000008000a1c                __fixdfsi
 .text          0x0000000008000a6c       0x40 c:/st/stm32cubeide_1.7.0/stm32cubeide/plugins/com.st.stm32cube.ide.mcu.externaltools.gnu-tools-for-stm32.9-2020-q2-update.win32_2.0.0.202105311346/tools/bin/../lib/gcc/arm-none-eabi/9.3.1/thumb/v7e-m+fp/hard\libgcc.a(_arm_fixunsdfsi.o)
                0x0000000008000a6c                __aeabi_d2uiz
                0x0000000008000a6c                __fixunsdfsi
 *(.text*)
 .text.BUZZER_SetTIM
                0x0000000008000aac       0x2c ./Core/Src/Buzzer.o
                0x0000000008000aac                BUZZER_SetTIM
 .text.BUZZER_Play_Doom
                0x0000000008000ad8      0x1cc ./Core/Src/Buzzer.o
                0x0000000008000ad8                BUZZER_Play_Doom
 .text.Tone     0x0000000008000ca4      0x13c ./Core/Src/Buzzer.o
                0x0000000008000ca4                Tone
 .text.NoTone   0x0000000008000de0       0x20 ./Core/Src/Buzzer.o
                0x0000000008000de0                NoTone
 .text.LiquidCrystal
                0x0000000008000e00       0x94 ./Core/Src/LiquidCrystal.o
                0x0000000008000e00                LiquidCrystal
 .text.init     0x0000000008000e94       0x9c ./Core/Src/LiquidCrystal.o
                0x0000000008000e94                init
 .text.begin    0x0000000008000f30      0x220 ./Core/Src/LiquidCrystal.o
                0x0000000008000f30                begin
 .text.enableClock
                0x0000000008001150      0x128 ./Core/Src/LiquidCrystal.o
                0x0000000008001150                enableClock
 .text.setRowOffsets
                0x0000000008001278       0x40 ./Core/Src/LiquidCrystal.o
                0x0000000008001278                setRowOffsets
 .text.clear    0x00000000080012b8       0x14 ./Core/Src/LiquidCrystal.o
                0x00000000080012b8                clear
 .text.setCursor
                0x00000000080012cc       0x64 ./Core/Src/LiquidCrystal.o
                0x00000000080012cc                setCursor
 .text.display  0x0000000008001330       0x2c ./Core/Src/LiquidCrystal.o
                0x0000000008001330                display
 .text.print    0x000000000800135c       0x56 ./Core/Src/LiquidCrystal.o
                0x000000000800135c                print
 .text.createChar
                0x00000000080013b2       0x52 ./Core/Src/LiquidCrystal.o
                0x00000000080013b2                createChar
 .text.command  0x0000000008001404       0x1c ./Core/Src/LiquidCrystal.o
                0x0000000008001404                command
 .text.write    0x0000000008001420       0x1e ./Core/Src/LiquidCrystal.o
                0x0000000008001420                write
 *fill*         0x000000000800143e        0x2 
 .text.send     0x0000000008001440       0x7c ./Core/Src/LiquidCrystal.o
                0x0000000008001440                send
 .text.pulseEnable
                0x00000000080014bc       0x54 ./Core/Src/LiquidCrystal.o
                0x00000000080014bc                pulseEnable
 .text.write4bits
                0x0000000008001510       0x54 ./Core/Src/LiquidCrystal.o
                0x0000000008001510                write4bits
 .text.write8bits
                0x0000000008001564       0x54 ./Core/Src/LiquidCrystal.o
                0x0000000008001564                write8bits
 .text.initBoard
                0x00000000080015b8       0x50 ./Core/Src/main.o
                0x00000000080015b8                initBoard
 .text.shot     0x0000000008001608       0x9c ./Core/Src/main.o
                0x0000000008001608                shot
 .text.print1OnScreen
                0x00000000080016a4       0x78 ./Core/Src/main.o
                0x00000000080016a4                print1OnScreen
 .text.print2OnScreen
                0x000000000800171c      0x104 ./Core/Src/main.o
                0x000000000800171c                print2OnScreen
 .text.print3OnScreen
                0x0000000008001820       0xbe ./Core/Src/main.o
                0x0000000008001820                print3OnScreen
 *fill*         0x00000000080018de        0x2 
 .text.clearScreen
                0x00000000080018e0       0x50 ./Core/Src/main.o
                0x00000000080018e0                clearScreen
 .text.startGame
                0x0000000008001930       0x54 ./Core/Src/main.o
                0x0000000008001930                startGame
 .text.showGameOverView
                0x0000000008001984       0xb4 ./Core/Src/main.o
                0x0000000008001984                showGameOverView
 .text.menu     0x0000000008001a38       0x50 ./Core/Src/main.o
                0x0000000008001a38                menu
 .text.showGroupMembersName
                0x0000000008001a88       0x58 ./Core/Src/main.o
                0x0000000008001a88                showGroupMembersName
 .text.changeBoard
                0x0000000008001ae0       0x90 ./Core/Src/main.o
                0x0000000008001ae0                changeBoard
 .text.horizontalMoving
                0x0000000008001b70       0xa4 ./Core/Src/main.o
                0x0000000008001b70                horizontalMoving
 .text.Rows_Set_Mode
                0x0000000008001c14       0x78 ./Core/Src/main.o
                0x0000000008001c14                Rows_Set_Mode
 .text.Get_Pressed_Row
                0x0000000008001c8c       0xcc ./Core/Src/main.o
                0x0000000008001c8c                Get_Pressed_Row
 .text.HAL_GPIO_EXTI_Callback
                0x0000000008001d58      0x158 ./Core/Src/main.o
                0x0000000008001d58                HAL_GPIO_EXTI_Callback
 .text.numberToBCD
                0x0000000008001eb0       0x9c ./Core/Src/main.o
                0x0000000008001eb0                numberToBCD
 .text.HAL_ADC_ConvCpltCallback
                0x0000000008001f4c       0x4c ./Core/Src/main.o
                0x0000000008001f4c                HAL_ADC_ConvCpltCallback
 .text.getRandom
                0x0000000008001f98       0x28 ./Core/Src/main.o
                0x0000000008001f98                getRandom
 .text.initialCharactorToBoard
                0x0000000008001fc0       0x7c ./Core/Src/main.o
                0x0000000008001fc0                initialCharactorToBoard
 .text.checkStairInsideDoodler
                0x000000000800203c       0x7c ./Core/Src/main.o
                0x000000000800203c                checkStairInsideDoodler
 .text.validateInitializeBoard
                0x00000000080020b8       0xdc ./Core/Src/main.o
                0x00000000080020b8                validateInitializeBoard
 .text.updateScore
                0x0000000008002194       0x24 ./Core/Src/main.o
                0x0000000008002194                updateScore
 .text.changeShot
                0x00000000080021b8       0x58 ./Core/Src/main.o
                0x00000000080021b8                changeShot
 .text.pageUp   0x0000000008002210      0x174 ./Core/Src/main.o
                0x0000000008002210                pageUp
 .text.printBoard
                0x0000000008002384       0x74 ./Core/Src/main.o
                0x0000000008002384                printBoard
 .text.genarateBoard
                0x00000000080023f8       0xec ./Core/Src/main.o
                0x00000000080023f8                genarateBoard
 .text.crashEmptyCell
                0x00000000080024e4       0xb4 ./Core/Src/main.o
                0x00000000080024e4                crashEmptyCell
 .text.crashStair
                0x0000000008002598       0x18 ./Core/Src/main.o
                0x0000000008002598                crashStair
 .text.crashBrokenStair
                0x00000000080025b0       0xb4 ./Core/Src/main.o
                0x00000000080025b0                crashBrokenStair
 .text.crashCoil
                0x0000000008002664       0x20 ./Core/Src/main.o
                0x0000000008002664                crashCoil
 .text.gameOver
                0x0000000008002684       0x74 ./Core/Src/main.o
                0x0000000008002684                gameOver
 .text.crashHole
                0x00000000080026f8       0x24 ./Core/Src/main.o
                0x00000000080026f8                crashHole
 .text.crashMonster
                0x000000000800271c       0x30 ./Core/Src/main.o
                0x000000000800271c                crashMonster
 .text.checkDownChange
                0x000000000800274c       0x80 ./Core/Src/main.o
                0x000000000800274c                checkDownChange
 .text.setLastAndNewPosition
                0x00000000080027cc       0x44 ./Core/Src/main.o
                0x00000000080027cc                setLastAndNewPosition
 .text.normalMoveDown
                0x0000000008002810       0x14 ./Core/Src/main.o
                0x0000000008002810                normalMoveDown
 .text.crashMonsterMoveDown
                0x0000000008002824       0x6c ./Core/Src/main.o
                0x0000000008002824                crashMonsterMoveDown
 .text.checkUpChange
                0x0000000008002890      0x13c ./Core/Src/main.o
                0x0000000008002890                checkUpChange
 .text.moveUp   0x00000000080029cc       0x44 ./Core/Src/main.o
                0x00000000080029cc                moveUp
 .text.changeDoodlerPosition
                0x0000000008002a10       0x60 ./Core/Src/main.o
                0x0000000008002a10                changeDoodlerPosition
 .text.moveShot
                0x0000000008002a70       0xc4 ./Core/Src/main.o
                0x0000000008002a70                moveShot
 .text.moveDoodler
                0x0000000008002b34       0x34 ./Core/Src/main.o
                0x0000000008002b34                moveDoodler
 .text.HAL_TIM_PeriodElapsedCallback
                0x0000000008002b68      0x1e8 ./Core/Src/main.o
                0x0000000008002b68                HAL_TIM_PeriodElapsedCallback
 .text.main     0x0000000008002d50      0x118 ./Core/Src/main.o
                0x0000000008002d50                main
 .text.SystemClock_Config
                0x0000000008002e68       0xcc ./Core/Src/main.o
                0x0000000008002e68                SystemClock_Config
 .text.MX_ADC1_Init
                0x0000000008002f34       0xe0 ./Core/Src/main.o
 .text.MX_I2C1_Init
                0x0000000008003014       0x80 ./Core/Src/main.o
 .text.MX_SPI1_Init
                0x0000000008003094       0x7c ./Core/Src/main.o
 .text.MX_TIM1_Init
                0x0000000008003110       0xa8 ./Core/Src/main.o
 .text.MX_TIM2_Init
                0x00000000080031b8       0xb4 ./Core/Src/main.o
 .text.MX_TIM3_Init
                0x000000000800326c       0x9c ./Core/Src/main.o
 .text.MX_TIM4_Init
                0x0000000008003308       0xa0 ./Core/Src/main.o
 .text.MX_USB_PCD_Init
                0x00000000080033a8       0x44 ./Core/Src/main.o
 .text.MX_GPIO_Init
                0x00000000080033ec      0x214 ./Core/Src/main.o
 .text.Error_Handler
                0x0000000008003600        0xa ./Core/Src/main.o
                0x0000000008003600                Error_Handler
 *fill*         0x000000000800360a        0x2 
 .text.HAL_MspInit
                0x000000000800360c       0x48 ./Core/Src/stm32f3xx_hal_msp.o
                0x000000000800360c                HAL_MspInit
 .text.HAL_ADC_MspInit
                0x0000000008003654       0x88 ./Core/Src/stm32f3xx_hal_msp.o
                0x0000000008003654                HAL_ADC_MspInit
 .text.HAL_I2C_MspInit
                0x00000000080036dc       0x88 ./Core/Src/stm32f3xx_hal_msp.o
                0x00000000080036dc                HAL_I2C_MspInit
 .text.HAL_SPI_MspInit
                0x0000000008003764       0x84 ./Core/Src/stm32f3xx_hal_msp.o
                0x0000000008003764                HAL_SPI_MspInit
 .text.HAL_TIM_Base_MspInit
                0x00000000080037e8       0xbc ./Core/Src/stm32f3xx_hal_msp.o
                0x00000000080037e8                HAL_TIM_Base_MspInit
 .text.HAL_TIM_PWM_MspInit
                0x00000000080038a4       0x3c ./Core/Src/stm32f3xx_hal_msp.o
                0x00000000080038a4                HAL_TIM_PWM_MspInit
 .text.HAL_TIM_MspPostInit
                0x00000000080038e0       0x68 ./Core/Src/stm32f3xx_hal_msp.o
                0x00000000080038e0                HAL_TIM_MspPostInit
 .text.HAL_PCD_MspInit
                0x0000000008003948       0x88 ./Core/Src/stm32f3xx_hal_msp.o
                0x0000000008003948                HAL_PCD_MspInit
 .text.NMI_Handler
                0x00000000080039d0        0x6 ./Core/Src/stm32f3xx_it.o
                0x00000000080039d0                NMI_Handler
 .text.HardFault_Handler
                0x00000000080039d6        0x6 ./Core/Src/stm32f3xx_it.o
                0x00000000080039d6                HardFault_Handler
 .text.MemManage_Handler
                0x00000000080039dc        0x6 ./Core/Src/stm32f3xx_it.o
                0x00000000080039dc                MemManage_Handler
 .text.BusFault_Handler
                0x00000000080039e2        0x6 ./Core/Src/stm32f3xx_it.o
                0x00000000080039e2                BusFault_Handler
 .text.UsageFault_Handler
                0x00000000080039e8        0x6 ./Core/Src/stm32f3xx_it.o
                0x00000000080039e8                UsageFault_Handler
 .text.SVC_Handler
                0x00000000080039ee        0xe ./Core/Src/stm32f3xx_it.o
                0x00000000080039ee                SVC_Handler
 .text.DebugMon_Handler
                0x00000000080039fc        0xe ./Core/Src/stm32f3xx_it.o
                0x00000000080039fc                DebugMon_Handler
 .text.PendSV_Handler
                0x0000000008003a0a        0xe ./Core/Src/stm32f3xx_it.o
                0x0000000008003a0a                PendSV_Handler
 .text.SysTick_Handler
                0x0000000008003a18        0xc ./Core/Src/stm32f3xx_it.o
                0x0000000008003a18                SysTick_Handler
 .text.EXTI0_IRQHandler
                0x0000000008003a24        0xe ./Core/Src/stm32f3xx_it.o
                0x0000000008003a24                EXTI0_IRQHandler
 .text.EXTI1_IRQHandler
                0x0000000008003a32        0xe ./Core/Src/stm32f3xx_it.o
                0x0000000008003a32                EXTI1_IRQHandler
 .text.EXTI2_TSC_IRQHandler
                0x0000000008003a40        0xe ./Core/Src/stm32f3xx_it.o
                0x0000000008003a40                EXTI2_TSC_IRQHandler
 .text.EXTI3_IRQHandler
                0x0000000008003a4e        0xe ./Core/Src/stm32f3xx_it.o
                0x0000000008003a4e                EXTI3_IRQHandler
 .text.ADC1_2_IRQHandler
                0x0000000008003a5c       0x14 ./Core/Src/stm32f3xx_it.o
                0x0000000008003a5c                ADC1_2_IRQHandler
 .text.TIM1_BRK_TIM15_IRQHandler
                0x0000000008003a70       0x14 ./Core/Src/stm32f3xx_it.o
                0x0000000008003a70                TIM1_BRK_TIM15_IRQHandler
 .text.TIM3_IRQHandler
                0x0000000008003a84       0x14 ./Core/Src/stm32f3xx_it.o
                0x0000000008003a84                TIM3_IRQHandler
 .text.TIM4_IRQHandler
                0x0000000008003a98       0x14 ./Core/Src/stm32f3xx_it.o
                0x0000000008003a98                TIM4_IRQHandler
 .text._getpid  0x0000000008003aac       0x10 ./Core/Src/syscalls.o
                0x0000000008003aac                _getpid
 .text._kill    0x0000000008003abc       0x20 ./Core/Src/syscalls.o
                0x0000000008003abc                _kill
 .text._exit    0x0000000008003adc       0x14 ./Core/Src/syscalls.o
                0x0000000008003adc                _exit
 .text._read    0x0000000008003af0       0x3a ./Core/Src/syscalls.o
                0x0000000008003af0                _read
 .text._write   0x0000000008003b2a       0x38 ./Core/Src/syscalls.o
                0x0000000008003b2a                _write
 .text._close   0x0000000008003b62       0x18 ./Core/Src/syscalls.o
                0x0000000008003b62                _close
 .text._fstat   0x0000000008003b7a       0x20 ./Core/Src/syscalls.o
                0x0000000008003b7a                _fstat
 .text._isatty  0x0000000008003b9a       0x16 ./Core/Src/syscalls.o
                0x0000000008003b9a                _isatty
 .text._lseek   0x0000000008003bb0       0x1a ./Core/Src/syscalls.o
                0x0000000008003bb0                _lseek
 *fill*         0x0000000008003bca        0x2 
 .text._sbrk    0x0000000008003bcc       0x6c ./Core/Src/sysmem.o
                0x0000000008003bcc                _sbrk
 .text.SystemInit
                0x0000000008003c38       0x24 ./Core/Src/system_stm32f3xx.o
                0x0000000008003c38                SystemInit
 .text.Reset_Handler
                0x0000000008003c5c       0x50 ./Core/Startup/startup_stm32f303vctx.o
                0x0000000008003c5c                Reset_Handler
 .text.Default_Handler
                0x0000000008003cac        0x2 ./Core/Startup/startup_stm32f303vctx.o
                0x0000000008003cac                RTC_Alarm_IRQHandler
                0x0000000008003cac                TIM8_TRG_COM_IRQHandler
                0x0000000008003cac                TIM8_CC_IRQHandler
                0x0000000008003cac                TIM1_CC_IRQHandler
                0x0000000008003cac                USB_HP_IRQHandler
                0x0000000008003cac                PVD_IRQHandler
                0x0000000008003cac                TAMP_STAMP_IRQHandler
                0x0000000008003cac                USB_HP_CAN_TX_IRQHandler
                0x0000000008003cac                I2C2_EV_IRQHandler
                0x0000000008003cac                FPU_IRQHandler
                0x0000000008003cac                TIM1_UP_TIM16_IRQHandler
                0x0000000008003cac                SPI1_IRQHandler
                0x0000000008003cac                CAN_SCE_IRQHandler
                0x0000000008003cac                TIM6_DAC_IRQHandler
                0x0000000008003cac                TIM8_UP_IRQHandler
                0x0000000008003cac                DMA2_Channel2_IRQHandler
                0x0000000008003cac                DMA1_Channel4_IRQHandler
                0x0000000008003cac                USART3_IRQHandler
                0x0000000008003cac                DMA1_Channel7_IRQHandler
                0x0000000008003cac                UART5_IRQHandler
                0x0000000008003cac                ADC3_IRQHandler
                0x0000000008003cac                CAN_RX1_IRQHandler
                0x0000000008003cac                DMA2_Channel1_IRQHandler
                0x0000000008003cac                I2C1_EV_IRQHandler
                0x0000000008003cac                DMA1_Channel6_IRQHandler
                0x0000000008003cac                UART4_IRQHandler
                0x0000000008003cac                DMA2_Channel4_IRQHandler
                0x0000000008003cac                RCC_IRQHandler
                0x0000000008003cac                DMA1_Channel1_IRQHandler
                0x0000000008003cac                Default_Handler
                0x0000000008003cac                USBWakeUp_RMP_IRQHandler
                0x0000000008003cac                EXTI15_10_IRQHandler
                0x0000000008003cac                TIM7_IRQHandler
                0x0000000008003cac                EXTI9_5_IRQHandler
                0x0000000008003cac                RTC_WKUP_IRQHandler
                0x0000000008003cac                SPI2_IRQHandler
                0x0000000008003cac                USB_LP_CAN_RX0_IRQHandler
                0x0000000008003cac                DMA2_Channel5_IRQHandler
                0x0000000008003cac                DMA1_Channel5_IRQHandler
                0x0000000008003cac                USB_LP_IRQHandler
                0x0000000008003cac                EXTI4_IRQHandler
                0x0000000008003cac                TIM1_TRG_COM_TIM17_IRQHandler
                0x0000000008003cac                DMA1_Channel3_IRQHandler
                0x0000000008003cac                ADC4_IRQHandler
                0x0000000008003cac                WWDG_IRQHandler
                0x0000000008003cac                TIM2_IRQHandler
                0x0000000008003cac                COMP7_IRQHandler
                0x0000000008003cac                COMP1_2_3_IRQHandler
                0x0000000008003cac                USART2_IRQHandler
                0x0000000008003cac                COMP4_5_6_IRQHandler
                0x0000000008003cac                I2C2_ER_IRQHandler
                0x0000000008003cac                DMA1_Channel2_IRQHandler
                0x0000000008003cac                TIM8_BRK_IRQHandler
                0x0000000008003cac                FLASH_IRQHandler
                0x0000000008003cac                USART1_IRQHandler
                0x0000000008003cac                SPI3_IRQHandler
                0x0000000008003cac                I2C1_ER_IRQHandler
                0x0000000008003cac                USBWakeUp_IRQHandler
                0x0000000008003cac                DMA2_Channel3_IRQHandler
 *fill*         0x0000000008003cae        0x2 
 .text.HAL_Init
                0x0000000008003cb0       0x2c ./Drivers/STM32F3xx_HAL_Driver/Src/stm32f3xx_hal.o
                0x0000000008003cb0                HAL_Init
 .text.HAL_InitTick
                0x0000000008003cdc       0x60 ./Drivers/STM32F3xx_HAL_Driver/Src/stm32f3xx_hal.o
                0x0000000008003cdc                HAL_InitTick
 .text.HAL_IncTick
                0x0000000008003d3c       0x28 ./Drivers/STM32F3xx_HAL_Driver/Src/stm32f3xx_hal.o
                0x0000000008003d3c                HAL_IncTick
 .text.HAL_GetTick
                0x0000000008003d64       0x18 ./Drivers/STM32F3xx_HAL_Driver/Src/stm32f3xx_hal.o
                0x0000000008003d64                HAL_GetTick
 .text.HAL_Delay
                0x0000000008003d7c       0x48 ./Drivers/STM32F3xx_HAL_Driver/Src/stm32f3xx_hal.o
                0x0000000008003d7c                HAL_Delay
 .text.HAL_ADC_LevelOutOfWindowCallback
                0x0000000008003dc4       0x14 ./Drivers/STM32F3xx_HAL_Driver/Src/stm32f3xx_hal_adc.o
                0x0000000008003dc4                HAL_ADC_LevelOutOfWindowCallback
 .text.HAL_ADC_ErrorCallback
                0x0000000008003dd8       0x14 ./Drivers/STM32F3xx_HAL_Driver/Src/stm32f3xx_hal_adc.o
                0x0000000008003dd8                HAL_ADC_ErrorCallback
 .text.HAL_ADC_Init
                0x0000000008003dec      0x3c0 ./Drivers/STM32F3xx_HAL_Driver/Src/stm32f3xx_hal_adc_ex.o
                0x0000000008003dec                HAL_ADC_Init
 .text.HAL_ADC_Start_IT
                0x00000000080041ac      0x280 ./Drivers/STM32F3xx_HAL_Driver/Src/stm32f3xx_hal_adc_ex.o
                0x00000000080041ac                HAL_ADC_Start_IT
 .text.HAL_ADC_GetValue
                0x000000000800442c       0x1a ./Drivers/STM32F3xx_HAL_Driver/Src/stm32f3xx_hal_adc_ex.o
                0x000000000800442c                HAL_ADC_GetValue
 *fill*         0x0000000008004446        0x2 
 .text.HAL_ADC_IRQHandler
                0x0000000008004448      0x618 ./Drivers/STM32F3xx_HAL_Driver/Src/stm32f3xx_hal_adc_ex.o
                0x0000000008004448                HAL_ADC_IRQHandler
 .text.HAL_ADCEx_InjectedConvCpltCallback
                0x0000000008004a60       0x14 ./Drivers/STM32F3xx_HAL_Driver/Src/stm32f3xx_hal_adc_ex.o
                0x0000000008004a60                HAL_ADCEx_InjectedConvCpltCallback
 .text.HAL_ADCEx_InjectedQueueOverflowCallback
                0x0000000008004a74       0x14 ./Drivers/STM32F3xx_HAL_Driver/Src/stm32f3xx_hal_adc_ex.o
                0x0000000008004a74                HAL_ADCEx_InjectedQueueOverflowCallback
 .text.HAL_ADCEx_LevelOutOfWindow2Callback
                0x0000000008004a88       0x14 ./Drivers/STM32F3xx_HAL_Driver/Src/stm32f3xx_hal_adc_ex.o
                0x0000000008004a88                HAL_ADCEx_LevelOutOfWindow2Callback
 .text.HAL_ADCEx_LevelOutOfWindow3Callback
                0x0000000008004a9c       0x14 ./Drivers/STM32F3xx_HAL_Driver/Src/stm32f3xx_hal_adc_ex.o
                0x0000000008004a9c                HAL_ADCEx_LevelOutOfWindow3Callback
 .text.HAL_ADC_ConfigChannel
                0x0000000008004ab0      0x5d8 ./Drivers/STM32F3xx_HAL_Driver/Src/stm32f3xx_hal_adc_ex.o
                0x0000000008004ab0                HAL_ADC_ConfigChannel
 .text.HAL_ADCEx_MultiModeConfigChannel
                0x0000000008005088      0x1e4 ./Drivers/STM32F3xx_HAL_Driver/Src/stm32f3xx_hal_adc_ex.o
                0x0000000008005088                HAL_ADCEx_MultiModeConfigChannel
 .text.ADC_Enable
                0x000000000800526c       0xc8 ./Drivers/STM32F3xx_HAL_Driver/Src/stm32f3xx_hal_adc_ex.o
 .text.ADC_Disable
                0x0000000008005334       0xcc ./Drivers/STM32F3xx_HAL_Driver/Src/stm32f3xx_hal_adc_ex.o
 .text.__NVIC_SetPriorityGrouping
                0x0000000008005400       0x48 ./Drivers/STM32F3xx_HAL_Driver/Src/stm32f3xx_hal_cortex.o
 .text.__NVIC_GetPriorityGrouping
                0x0000000008005448       0x1c ./Drivers/STM32F3xx_HAL_Driver/Src/stm32f3xx_hal_cortex.o
 .text.__NVIC_EnableIRQ
                0x0000000008005464       0x3c ./Drivers/STM32F3xx_HAL_Driver/Src/stm32f3xx_hal_cortex.o
 .text.__NVIC_SetPriority
                0x00000000080054a0       0x54 ./Drivers/STM32F3xx_HAL_Driver/Src/stm32f3xx_hal_cortex.o
 .text.NVIC_EncodePriority
                0x00000000080054f4       0x66 ./Drivers/STM32F3xx_HAL_Driver/Src/stm32f3xx_hal_cortex.o
 *fill*         0x000000000800555a        0x2 
 .text.SysTick_Config
                0x000000000800555c       0x44 ./Drivers/STM32F3xx_HAL_Driver/Src/stm32f3xx_hal_cortex.o
 .text.HAL_NVIC_SetPriorityGrouping
                0x00000000080055a0       0x16 ./Drivers/STM32F3xx_HAL_Driver/Src/stm32f3xx_hal_cortex.o
                0x00000000080055a0                HAL_NVIC_SetPriorityGrouping
 .text.HAL_NVIC_SetPriority
                0x00000000080055b6       0x38 ./Drivers/STM32F3xx_HAL_Driver/Src/stm32f3xx_hal_cortex.o
                0x00000000080055b6                HAL_NVIC_SetPriority
 .text.HAL_NVIC_EnableIRQ
                0x00000000080055ee       0x1c ./Drivers/STM32F3xx_HAL_Driver/Src/stm32f3xx_hal_cortex.o
                0x00000000080055ee                HAL_NVIC_EnableIRQ
 .text.HAL_SYSTICK_Config
                0x000000000800560a       0x18 ./Drivers/STM32F3xx_HAL_Driver/Src/stm32f3xx_hal_cortex.o
                0x000000000800560a                HAL_SYSTICK_Config
 *fill*         0x0000000008005622        0x2 
 .text.HAL_GPIO_Init
                0x0000000008005624      0x2f4 ./Drivers/STM32F3xx_HAL_Driver/Src/stm32f3xx_hal_gpio.o
                0x0000000008005624                HAL_GPIO_Init
 .text.HAL_GPIO_ReadPin
                0x0000000008005918       0x30 ./Drivers/STM32F3xx_HAL_Driver/Src/stm32f3xx_hal_gpio.o
                0x0000000008005918                HAL_GPIO_ReadPin
 .text.HAL_GPIO_WritePin
                0x0000000008005948       0x30 ./Drivers/STM32F3xx_HAL_Driver/Src/stm32f3xx_hal_gpio.o
                0x0000000008005948                HAL_GPIO_WritePin
 .text.HAL_GPIO_TogglePin
                0x0000000008005978       0x34 ./Drivers/STM32F3xx_HAL_Driver/Src/stm32f3xx_hal_gpio.o
                0x0000000008005978                HAL_GPIO_TogglePin
 .text.HAL_GPIO_EXTI_IRQHandler
                0x00000000080059ac       0x30 ./Drivers/STM32F3xx_HAL_Driver/Src/stm32f3xx_hal_gpio.o
                0x00000000080059ac                HAL_GPIO_EXTI_IRQHandler
 .text.HAL_I2C_Init
                0x00000000080059dc      0x11e ./Drivers/STM32F3xx_HAL_Driver/Src/stm32f3xx_hal_i2c.o
                0x00000000080059dc                HAL_I2C_Init
 .text.HAL_I2CEx_ConfigAnalogFilter
                0x0000000008005afa       0x96 ./Drivers/STM32F3xx_HAL_Driver/Src/stm32f3xx_hal_i2c_ex.o
                0x0000000008005afa                HAL_I2CEx_ConfigAnalogFilter
 .text.HAL_I2CEx_ConfigDigitalFilter
                0x0000000008005b90       0x98 ./Drivers/STM32F3xx_HAL_Driver/Src/stm32f3xx_hal_i2c_ex.o
                0x0000000008005b90                HAL_I2CEx_ConfigDigitalFilter
 .text.HAL_PCD_Init
                0x0000000008005c28      0x1bc ./Drivers/STM32F3xx_HAL_Driver/Src/stm32f3xx_hal_pcd.o
                0x0000000008005c28                HAL_PCD_Init
 .text.HAL_RCC_OscConfig
                0x0000000008005de4      0xe10 ./Drivers/STM32F3xx_HAL_Driver/Src/stm32f3xx_hal_rcc.o
                0x0000000008005de4                HAL_RCC_OscConfig
 .text.HAL_RCC_ClockConfig
                0x0000000008006bf4      0x2f8 ./Drivers/STM32F3xx_HAL_Driver/Src/stm32f3xx_hal_rcc.o
                0x0000000008006bf4                HAL_RCC_ClockConfig
 .text.HAL_RCC_GetSysClockFreq
                0x0000000008006eec       0xd4 ./Drivers/STM32F3xx_HAL_Driver/Src/stm32f3xx_hal_rcc.o
                0x0000000008006eec                HAL_RCC_GetSysClockFreq
 .text.HAL_RCC_GetHCLKFreq
                0x0000000008006fc0       0x18 ./Drivers/STM32F3xx_HAL_Driver/Src/stm32f3xx_hal_rcc.o
                0x0000000008006fc0                HAL_RCC_GetHCLKFreq
 .text.HAL_RCC_GetPCLK1Freq
                0x0000000008006fd8       0x44 ./Drivers/STM32F3xx_HAL_Driver/Src/stm32f3xx_hal_rcc.o
                0x0000000008006fd8                HAL_RCC_GetPCLK1Freq
 .text.HAL_RCCEx_PeriphCLKConfig
                0x000000000800701c      0x360 ./Drivers/STM32F3xx_HAL_Driver/Src/stm32f3xx_hal_rcc_ex.o
                0x000000000800701c                HAL_RCCEx_PeriphCLKConfig
 .text.HAL_SPI_Init
                0x000000000800737c      0x156 ./Drivers/STM32F3xx_HAL_Driver/Src/stm32f3xx_hal_spi.o
                0x000000000800737c                HAL_SPI_Init
 .text.HAL_TIM_Base_Init
                0x00000000080074d2       0xae ./Drivers/STM32F3xx_HAL_Driver/Src/stm32f3xx_hal_tim.o
                0x00000000080074d2                HAL_TIM_Base_Init
 .text.HAL_TIM_Base_Start_IT
                0x0000000008007580       0xd4 ./Drivers/STM32F3xx_HAL_Driver/Src/stm32f3xx_hal_tim.o
                0x0000000008007580                HAL_TIM_Base_Start_IT
 .text.HAL_TIM_Base_Stop_IT
                0x0000000008007654       0x5e ./Drivers/STM32F3xx_HAL_Driver/Src/stm32f3xx_hal_tim.o
                0x0000000008007654                HAL_TIM_Base_Stop_IT
 .text.HAL_TIM_PWM_Init
                0x00000000080076b2       0xae ./Drivers/STM32F3xx_HAL_Driver/Src/stm32f3xx_hal_tim.o
                0x00000000080076b2                HAL_TIM_PWM_Init
 .text.HAL_TIM_PWM_Start
                0x0000000008007760      0x200 ./Drivers/STM32F3xx_HAL_Driver/Src/stm32f3xx_hal_tim.o
                0x0000000008007760                HAL_TIM_PWM_Start
 .text.HAL_TIM_PWM_Stop
                0x0000000008007960      0x12c ./Drivers/STM32F3xx_HAL_Driver/Src/stm32f3xx_hal_tim.o
                0x0000000008007960                HAL_TIM_PWM_Stop
 .text.HAL_TIM_IRQHandler
                0x0000000008007a8c      0x23e ./Drivers/STM32F3xx_HAL_Driver/Src/stm32f3xx_hal_tim.o
                0x0000000008007a8c                HAL_TIM_IRQHandler
 *fill*         0x0000000008007cca        0x2 
 .text.HAL_TIM_PWM_ConfigChannel
                0x0000000008007ccc      0x228 ./Drivers/STM32F3xx_HAL_Driver/Src/stm32f3xx_hal_tim.o
                0x0000000008007ccc                HAL_TIM_PWM_ConfigChannel
 .text.HAL_TIM_ConfigClockSource
                0x0000000008007ef4      0x192 ./Drivers/STM32F3xx_HAL_Driver/Src/stm32f3xx_hal_tim.o
                0x0000000008007ef4                HAL_TIM_ConfigClockSource
 .text.HAL_TIM_OC_DelayElapsedCallback
                0x0000000008008086       0x14 ./Drivers/STM32F3xx_HAL_Driver/Src/stm32f3xx_hal_tim.o
                0x0000000008008086                HAL_TIM_OC_DelayElapsedCallback
 .text.HAL_TIM_IC_CaptureCallback
                0x000000000800809a       0x14 ./Drivers/STM32F3xx_HAL_Driver/Src/stm32f3xx_hal_tim.o
                0x000000000800809a                HAL_TIM_IC_CaptureCallback
 .text.HAL_TIM_PWM_PulseFinishedCallback
                0x00000000080080ae       0x14 ./Drivers/STM32F3xx_HAL_Driver/Src/stm32f3xx_hal_tim.o
                0x00000000080080ae                HAL_TIM_PWM_PulseFinishedCallback
 .text.HAL_TIM_TriggerCallback
                0x00000000080080c2       0x14 ./Drivers/STM32F3xx_HAL_Driver/Src/stm32f3xx_hal_tim.o
                0x00000000080080c2                HAL_TIM_TriggerCallback
 *fill*         0x00000000080080d6        0x2 
 .text.TIM_Base_SetConfig
                0x00000000080080d8      0x120 ./Drivers/STM32F3xx_HAL_Driver/Src/stm32f3xx_hal_tim.o
                0x00000000080080d8                TIM_Base_SetConfig
 .text.TIM_OC1_SetConfig
                0x00000000080081f8      0x120 ./Drivers/STM32F3xx_HAL_Driver/Src/stm32f3xx_hal_tim.o
 .text.TIM_OC2_SetConfig
                0x0000000008008318      0x114 ./Drivers/STM32F3xx_HAL_Driver/Src/stm32f3xx_hal_tim.o
                0x0000000008008318                TIM_OC2_SetConfig
 .text.TIM_OC3_SetConfig
                0x000000000800842c      0x110 ./Drivers/STM32F3xx_HAL_Driver/Src/stm32f3xx_hal_tim.o
 .text.TIM_OC4_SetConfig
                0x000000000800853c       0xd4 ./Drivers/STM32F3xx_HAL_Driver/Src/stm32f3xx_hal_tim.o
 .text.TIM_OC5_SetConfig
                0x0000000008008610       0xc8 ./Drivers/STM32F3xx_HAL_Driver/Src/stm32f3xx_hal_tim.o
 .text.TIM_OC6_SetConfig
                0x00000000080086d8       0xcc ./Drivers/STM32F3xx_HAL_Driver/Src/stm32f3xx_hal_tim.o
 .text.TIM_TI1_ConfigInputStage
                0x00000000080087a4       0x5e ./Drivers/STM32F3xx_HAL_Driver/Src/stm32f3xx_hal_tim.o
 .text.TIM_TI2_ConfigInputStage
                0x0000000008008802       0x60 ./Drivers/STM32F3xx_HAL_Driver/Src/stm32f3xx_hal_tim.o
 .text.TIM_ITRx_SetConfig
                0x0000000008008862       0x36 ./Drivers/STM32F3xx_HAL_Driver/Src/stm32f3xx_hal_tim.o
 .text.TIM_ETR_SetConfig
                0x0000000008008898       0x40 ./Drivers/STM32F3xx_HAL_Driver/Src/stm32f3xx_hal_tim.o
                0x0000000008008898                TIM_ETR_SetConfig
 .text.TIM_CCxChannelCmd
                0x00000000080088d8       0x4a ./Drivers/STM32F3xx_HAL_Driver/Src/stm32f3xx_hal_tim.o
                0x00000000080088d8                TIM_CCxChannelCmd
 *fill*         0x0000000008008922        0x2 
 .text.HAL_TIMEx_MasterConfigSynchronization
                0x0000000008008924      0x100 ./Drivers/STM32F3xx_HAL_Driver/Src/stm32f3xx_hal_tim_ex.o
                0x0000000008008924                HAL_TIMEx_MasterConfigSynchronization
 .text.HAL_TIMEx_CommutCallback
                0x0000000008008a24       0x14 ./Drivers/STM32F3xx_HAL_Driver/Src/stm32f3xx_hal_tim_ex.o
                0x0000000008008a24                HAL_TIMEx_CommutCallback
 .text.HAL_TIMEx_BreakCallback
                0x0000000008008a38       0x14 ./Drivers/STM32F3xx_HAL_Driver/Src/stm32f3xx_hal_tim_ex.o
                0x0000000008008a38                HAL_TIMEx_BreakCallback
 .text.HAL_TIMEx_Break2Callback
                0x0000000008008a4c       0x14 ./Drivers/STM32F3xx_HAL_Driver/Src/stm32f3xx_hal_tim_ex.o
                0x0000000008008a4c                HAL_TIMEx_Break2Callback
 .text.USB_DisableGlobalInt
                0x0000000008008a60       0x36 ./Drivers/STM32F3xx_HAL_Driver/Src/stm32f3xx_ll_usb.o
                0x0000000008008a60                USB_DisableGlobalInt
 .text.USB_DevInit
                0x0000000008008a96       0x42 ./Drivers/STM32F3xx_HAL_Driver/Src/stm32f3xx_ll_usb.o
                0x0000000008008a96                USB_DevInit
 .text.__errno  0x0000000008008ad8        0xc c:/st/stm32cubeide_1.7.0/stm32cubeide/plugins/com.st.stm32cube.ide.mcu.externaltools.gnu-tools-for-stm32.9-2020-q2-update.win32_2.0.0.202105311346/tools/bin/../lib/gcc/arm-none-eabi/9.3.1/../../../../arm-none-eabi/lib/thumb/v7e-m+fp/hard\libc_nano.a(lib_a-errno.o)
                0x0000000008008ad8                __errno
 .text.__libc_init_array
                0x0000000008008ae4       0x48 c:/st/stm32cubeide_1.7.0/stm32cubeide/plugins/com.st.stm32cube.ide.mcu.externaltools.gnu-tools-for-stm32.9-2020-q2-update.win32_2.0.0.202105311346/tools/bin/../lib/gcc/arm-none-eabi/9.3.1/../../../../arm-none-eabi/lib/thumb/v7e-m+fp/hard\libc_nano.a(lib_a-init.o)
                0x0000000008008ae4                __libc_init_array
 .text.memcpy   0x0000000008008b2c       0x1c c:/st/stm32cubeide_1.7.0/stm32cubeide/plugins/com.st.stm32cube.ide.mcu.externaltools.gnu-tools-for-stm32.9-2020-q2-update.win32_2.0.0.202105311346/tools/bin/../lib/gcc/arm-none-eabi/9.3.1/../../../../arm-none-eabi/lib/thumb/v7e-m+fp/hard\libc_nano.a(lib_a-memcpy-stub.o)
                0x0000000008008b2c                memcpy
 .text.memset   0x0000000008008b48       0x10 c:/st/stm32cubeide_1.7.0/stm32cubeide/plugins/com.st.stm32cube.ide.mcu.externaltools.gnu-tools-for-stm32.9-2020-q2-update.win32_2.0.0.202105311346/tools/bin/../lib/gcc/arm-none-eabi/9.3.1/../../../../arm-none-eabi/lib/thumb/v7e-m+fp/hard\libc_nano.a(lib_a-memset.o)
                0x0000000008008b48                memset
 .text.srand    0x0000000008008b58       0x5c c:/st/stm32cubeide_1.7.0/stm32cubeide/plugins/com.st.stm32cube.ide.mcu.externaltools.gnu-tools-for-stm32.9-2020-q2-update.win32_2.0.0.202105311346/tools/bin/../lib/gcc/arm-none-eabi/9.3.1/../../../../arm-none-eabi/lib/thumb/v7e-m+fp/hard\libc_nano.a(lib_a-rand.o)
                0x0000000008008b58                srand
 .text.rand     0x0000000008008bb4       0x80 c:/st/stm32cubeide_1.7.0/stm32cubeide/plugins/com.st.stm32cube.ide.mcu.externaltools.gnu-tools-for-stm32.9-2020-q2-update.win32_2.0.0.202105311346/tools/bin/../lib/gcc/arm-none-eabi/9.3.1/../../../../arm-none-eabi/lib/thumb/v7e-m+fp/hard\libc_nano.a(lib_a-rand.o)
                0x0000000008008bb4                rand
 .text.sprintf  0x0000000008008c34       0x40 c:/st/stm32cubeide_1.7.0/stm32cubeide/plugins/com.st.stm32cube.ide.mcu.externaltools.gnu-tools-for-stm32.9-2020-q2-update.win32_2.0.0.202105311346/tools/bin/../lib/gcc/arm-none-eabi/9.3.1/../../../../arm-none-eabi/lib/thumb/v7e-m+fp/hard\libc_nano.a(lib_a-sprintf.o)
                0x0000000008008c34                siprintf
                0x0000000008008c34                sprintf
 .text.__assert_func
                0x0000000008008c74       0x3c c:/st/stm32cubeide_1.7.0/stm32cubeide/plugins/com.st.stm32cube.ide.mcu.externaltools.gnu-tools-for-stm32.9-2020-q2-update.win32_2.0.0.202105311346/tools/bin/../lib/gcc/arm-none-eabi/9.3.1/../../../../arm-none-eabi/lib/thumb/v7e-m+fp/hard\libc_nano.a(lib_a-assert.o)
                0x0000000008008c74                __assert_func
 .text.fprintf  0x0000000008008cb0       0x24 c:/st/stm32cubeide_1.7.0/stm32cubeide/plugins/com.st.stm32cube.ide.mcu.externaltools.gnu-tools-for-stm32.9-2020-q2-update.win32_2.0.0.202105311346/tools/bin/../lib/gcc/arm-none-eabi/9.3.1/../../../../arm-none-eabi/lib/thumb/v7e-m+fp/hard\libc_nano.a(lib_a-fprintf.o)
                0x0000000008008cb0                fiprintf
                0x0000000008008cb0                fprintf
 .text.malloc   0x0000000008008cd4       0x10 c:/st/stm32cubeide_1.7.0/stm32cubeide/plugins/com.st.stm32cube.ide.mcu.externaltools.gnu-tools-for-stm32.9-2020-q2-update.win32_2.0.0.202105311346/tools/bin/../lib/gcc/arm-none-eabi/9.3.1/../../../../arm-none-eabi/lib/thumb/v7e-m+fp/hard\libc_nano.a(lib_a-malloc.o)
                0x0000000008008cd4                malloc
 .text._free_r  0x0000000008008ce4       0xa0 c:/st/stm32cubeide_1.7.0/stm32cubeide/plugins/com.st.stm32cube.ide.mcu.externaltools.gnu-tools-for-stm32.9-2020-q2-update.win32_2.0.0.202105311346/tools/bin/../lib/gcc/arm-none-eabi/9.3.1/../../../../arm-none-eabi/lib/thumb/v7e-m+fp/hard\libc_nano.a(lib_a-nano-freer.o)
                0x0000000008008ce4                _free_r
 .text._malloc_r
                0x0000000008008d84       0xb4 c:/st/stm32cubeide_1.7.0/stm32cubeide/plugins/com.st.stm32cube.ide.mcu.externaltools.gnu-tools-for-stm32.9-2020-q2-update.win32_2.0.0.202105311346/tools/bin/../lib/gcc/arm-none-eabi/9.3.1/../../../../arm-none-eabi/lib/thumb/v7e-m+fp/hard\libc_nano.a(lib_a-nano-mallocr.o)
                0x0000000008008d84                _malloc_r
 .text.__ssputs_r
                0x0000000008008e38       0xb6 c:/st/stm32cubeide_1.7.0/stm32cubeide/plugins/com.st.stm32cube.ide.mcu.externaltools.gnu-tools-for-stm32.9-2020-q2-update.win32_2.0.0.202105311346/tools/bin/../lib/gcc/arm-none-eabi/9.3.1/../../../../arm-none-eabi/lib/thumb/v7e-m+fp/hard\libc_nano.a(lib_a-nano-svfprintf.o)
                0x0000000008008e38                __ssputs_r
 *fill*         0x0000000008008eee        0x2 
 .text._svfprintf_r
                0x0000000008008ef0      0x200 c:/st/stm32cubeide_1.7.0/stm32cubeide/plugins/com.st.stm32cube.ide.mcu.externaltools.gnu-tools-for-stm32.9-2020-q2-update.win32_2.0.0.202105311346/tools/bin/../lib/gcc/arm-none-eabi/9.3.1/../../../../arm-none-eabi/lib/thumb/v7e-m+fp/hard\libc_nano.a(lib_a-nano-svfprintf.o)
                0x0000000008008ef0                _svfiprintf_r
                0x0000000008008ef0                _svfprintf_r
 .text.__sfputc_r
                0x00000000080090f0       0x2e c:/st/stm32cubeide_1.7.0/stm32cubeide/plugins/com.st.stm32cube.ide.mcu.externaltools.gnu-tools-for-stm32.9-2020-q2-update.win32_2.0.0.202105311346/tools/bin/../lib/gcc/arm-none-eabi/9.3.1/../../../../arm-none-eabi/lib/thumb/v7e-m+fp/hard\libc_nano.a(lib_a-nano-vfprintf.o)
 .text.__sfputs_r
                0x000000000800911e       0x24 c:/st/stm32cubeide_1.7.0/stm32cubeide/plugins/com.st.stm32cube.ide.mcu.externaltools.gnu-tools-for-stm32.9-2020-q2-update.win32_2.0.0.202105311346/tools/bin/../lib/gcc/arm-none-eabi/9.3.1/../../../../arm-none-eabi/lib/thumb/v7e-m+fp/hard\libc_nano.a(lib_a-nano-vfprintf.o)
                0x000000000800911e                __sfputs_r
 *fill*         0x0000000008009142        0x2 
 .text._vfprintf_r
                0x0000000008009144      0x260 c:/st/stm32cubeide_1.7.0/stm32cubeide/plugins/com.st.stm32cube.ide.mcu.externaltools.gnu-tools-for-stm32.9-2020-q2-update.win32_2.0.0.202105311346/tools/bin/../lib/gcc/arm-none-eabi/9.3.1/../../../../arm-none-eabi/lib/thumb/v7e-m+fp/hard\libc_nano.a(lib_a-nano-vfprintf.o)
                0x0000000008009144                _vfprintf_r
                0x0000000008009144                _vfiprintf_r
 .text._printf_common
                0x00000000080093a4       0xda c:/st/stm32cubeide_1.7.0/stm32cubeide/plugins/com.st.stm32cube.ide.mcu.externaltools.gnu-tools-for-stm32.9-2020-q2-update.win32_2.0.0.202105311346/tools/bin/../lib/gcc/arm-none-eabi/9.3.1/../../../../arm-none-eabi/lib/thumb/v7e-m+fp/hard\libc_nano.a(lib_a-nano-vfprintf_i.o)
                0x00000000080093a4                _printf_common
 *fill*         0x000000000800947e        0x2 
 .text._printf_i
                0x0000000008009480      0x24c c:/st/stm32cubeide_1.7.0/stm32cubeide/plugins/com.st.stm32cube.ide.mcu.externaltools.gnu-tools-for-stm32.9-2020-q2-update.win32_2.0.0.202105311346/tools/bin/../lib/gcc/arm-none-eabi/9.3.1/../../../../arm-none-eabi/lib/thumb/v7e-m+fp/hard\libc_nano.a(lib_a-nano-vfprintf_i.o)
                0x0000000008009480                _printf_i
 .text._sbrk_r  0x00000000080096cc       0x20 c:/st/stm32cubeide_1.7.0/stm32cubeide/plugins/com.st.stm32cube.ide.mcu.externaltools.gnu-tools-for-stm32.9-2020-q2-update.win32_2.0.0.202105311346/tools/bin/../lib/gcc/arm-none-eabi/9.3.1/../../../../arm-none-eabi/lib/thumb/v7e-m+fp/hard\libc_nano.a(lib_a-sbrkr.o)
                0x00000000080096cc                _sbrk_r
 .text.__swbuf_r
                0x00000000080096ec       0xa4 c:/st/stm32cubeide_1.7.0/stm32cubeide/plugins/com.st.stm32cube.ide.mcu.externaltools.gnu-tools-for-stm32.9-2020-q2-update.win32_2.0.0.202105311346/tools/bin/../lib/gcc/arm-none-eabi/9.3.1/../../../../arm-none-eabi/lib/thumb/v7e-m+fp/hard\libc_nano.a(lib_a-wbuf.o)
                0x00000000080096ec                __swbuf_r
 .text.__swsetup_r
                0x0000000008009790       0xdc c:/st/stm32cubeide_1.7.0/stm32cubeide/plugins/com.st.stm32cube.ide.mcu.externaltools.gnu-tools-for-stm32.9-2020-q2-update.win32_2.0.0.202105311346/tools/bin/../lib/gcc/arm-none-eabi/9.3.1/../../../../arm-none-eabi/lib/thumb/v7e-m+fp/hard\libc_nano.a(lib_a-wsetup.o)
                0x0000000008009790                __swsetup_r
 .text.abort    0x000000000800986c        0xe c:/st/stm32cubeide_1.7.0/stm32cubeide/plugins/com.st.stm32cube.ide.mcu.externaltools.gnu-tools-for-stm32.9-2020-q2-update.win32_2.0.0.202105311346/tools/bin/../lib/gcc/arm-none-eabi/9.3.1/../../../../arm-none-eabi/lib/thumb/v7e-m+fp/hard\libc_nano.a(lib_a-abort.o)
                0x000000000800986c                abort
 *fill*         0x000000000800987a        0x2 
 .text.__sflush_r
                0x000000000800987c      0x10c c:/st/stm32cubeide_1.7.0/stm32cubeide/plugins/com.st.stm32cube.ide.mcu.externaltools.gnu-tools-for-stm32.9-2020-q2-update.win32_2.0.0.202105311346/tools/bin/../lib/gcc/arm-none-eabi/9.3.1/../../../../arm-none-eabi/lib/thumb/v7e-m+fp/hard\libc_nano.a(lib_a-fflush.o)
                0x000000000800987c                __sflush_r
 .text._fflush_r
                0x0000000008009988       0x78 c:/st/stm32cubeide_1.7.0/stm32cubeide/plugins/com.st.stm32cube.ide.mcu.externaltools.gnu-tools-for-stm32.9-2020-q2-update.win32_2.0.0.202105311346/tools/bin/../lib/gcc/arm-none-eabi/9.3.1/../../../../arm-none-eabi/lib/thumb/v7e-m+fp/hard\libc_nano.a(lib_a-fflush.o)
                0x0000000008009988                _fflush_r
 .text.std      0x0000000008009a00       0x48 c:/st/stm32cubeide_1.7.0/stm32cubeide/plugins/com.st.stm32cube.ide.mcu.externaltools.gnu-tools-for-stm32.9-2020-q2-update.win32_2.0.0.202105311346/tools/bin/../lib/gcc/arm-none-eabi/9.3.1/../../../../arm-none-eabi/lib/thumb/v7e-m+fp/hard\libc_nano.a(lib_a-findfp.o)
 .text._cleanup_r
                0x0000000008009a48        0xc c:/st/stm32cubeide_1.7.0/stm32cubeide/plugins/com.st.stm32cube.ide.mcu.externaltools.gnu-tools-for-stm32.9-2020-q2-update.win32_2.0.0.202105311346/tools/bin/../lib/gcc/arm-none-eabi/9.3.1/../../../../arm-none-eabi/lib/thumb/v7e-m+fp/hard\libc_nano.a(lib_a-findfp.o)
                0x0000000008009a48                _cleanup_r
 .text.__sfmoreglue
                0x0000000008009a54       0x2c c:/st/stm32cubeide_1.7.0/stm32cubeide/plugins/com.st.stm32cube.ide.mcu.externaltools.gnu-tools-for-stm32.9-2020-q2-update.win32_2.0.0.202105311346/tools/bin/../lib/gcc/arm-none-eabi/9.3.1/../../../../arm-none-eabi/lib/thumb/v7e-m+fp/hard\libc_nano.a(lib_a-findfp.o)
                0x0000000008009a54                __sfmoreglue
 .text.__sfp_lock_acquire
                0x0000000008009a80        0xc c:/st/stm32cubeide_1.7.0/stm32cubeide/plugins/com.st.stm32cube.ide.mcu.externaltools.gnu-tools-for-stm32.9-2020-q2-update.win32_2.0.0.202105311346/tools/bin/../lib/gcc/arm-none-eabi/9.3.1/../../../../arm-none-eabi/lib/thumb/v7e-m+fp/hard\libc_nano.a(lib_a-findfp.o)
                0x0000000008009a80                __sfp_lock_acquire
 .text.__sfp_lock_release
                0x0000000008009a8c        0xc c:/st/stm32cubeide_1.7.0/stm32cubeide/plugins/com.st.stm32cube.ide.mcu.externaltools.gnu-tools-for-stm32.9-2020-q2-update.win32_2.0.0.202105311346/tools/bin/../lib/gcc/arm-none-eabi/9.3.1/../../../../arm-none-eabi/lib/thumb/v7e-m+fp/hard\libc_nano.a(lib_a-findfp.o)
                0x0000000008009a8c                __sfp_lock_release
 .text.__sinit_lock_acquire
                0x0000000008009a98        0xc c:/st/stm32cubeide_1.7.0/stm32cubeide/plugins/com.st.stm32cube.ide.mcu.externaltools.gnu-tools-for-stm32.9-2020-q2-update.win32_2.0.0.202105311346/tools/bin/../lib/gcc/arm-none-eabi/9.3.1/../../../../arm-none-eabi/lib/thumb/v7e-m+fp/hard\libc_nano.a(lib_a-findfp.o)
                0x0000000008009a98                __sinit_lock_acquire
 .text.__sinit_lock_release
                0x0000000008009aa4        0xc c:/st/stm32cubeide_1.7.0/stm32cubeide/plugins/com.st.stm32cube.ide.mcu.externaltools.gnu-tools-for-stm32.9-2020-q2-update.win32_2.0.0.202105311346/tools/bin/../lib/gcc/arm-none-eabi/9.3.1/../../../../arm-none-eabi/lib/thumb/v7e-m+fp/hard\libc_nano.a(lib_a-findfp.o)
                0x0000000008009aa4                __sinit_lock_release
 .text.__sinit  0x0000000008009ab0       0x70 c:/st/stm32cubeide_1.7.0/stm32cubeide/plugins/com.st.stm32cube.ide.mcu.externaltools.gnu-tools-for-stm32.9-2020-q2-update.win32_2.0.0.202105311346/tools/bin/../lib/gcc/arm-none-eabi/9.3.1/../../../../arm-none-eabi/lib/thumb/v7e-m+fp/hard\libc_nano.a(lib_a-findfp.o)
                0x0000000008009ab0                __sinit
 .text.__sfp    0x0000000008009b20       0x8c c:/st/stm32cubeide_1.7.0/stm32cubeide/plugins/com.st.stm32cube.ide.mcu.externaltools.gnu-tools-for-stm32.9-2020-q2-update.win32_2.0.0.202105311346/tools/bin/../lib/gcc/arm-none-eabi/9.3.1/../../../../arm-none-eabi/lib/thumb/v7e-m+fp/hard\libc_nano.a(lib_a-findfp.o)
                0x0000000008009b20                __sfp
 .text._fwalk_reent
                0x0000000008009bac       0x3e c:/st/stm32cubeide_1.7.0/stm32cubeide/plugins/com.st.stm32cube.ide.mcu.externaltools.gnu-tools-for-stm32.9-2020-q2-update.win32_2.0.0.202105311346/tools/bin/../lib/gcc/arm-none-eabi/9.3.1/../../../../arm-none-eabi/lib/thumb/v7e-m+fp/hard\libc_nano.a(lib_a-fwalk.o)
                0x0000000008009bac                _fwalk_reent
 .text.__retarget_lock_init_recursive
                0x0000000008009bea        0x2 c:/st/stm32cubeide_1.7.0/stm32cubeide/plugins/com.st.stm32cube.ide.mcu.externaltools.gnu-tools-for-stm32.9-2020-q2-update.win32_2.0.0.202105311346/tools/bin/../lib/gcc/arm-none-eabi/9.3.1/../../../../arm-none-eabi/lib/thumb/v7e-m+fp/hard\libc_nano.a(lib_a-lock.o)
                0x0000000008009bea                __retarget_lock_init_recursive
 .text.__retarget_lock_acquire_recursive
                0x0000000008009bec        0x2 c:/st/stm32cubeide_1.7.0/stm32cubeide/plugins/com.st.stm32cube.ide.mcu.externaltools.gnu-tools-for-stm32.9-2020-q2-update.win32_2.0.0.202105311346/tools/bin/../lib/gcc/arm-none-eabi/9.3.1/../../../../arm-none-eabi/lib/thumb/v7e-m+fp/hard\libc_nano.a(lib_a-lock.o)
                0x0000000008009bec                __retarget_lock_acquire_recursive
 .text.__retarget_lock_release_recursive
                0x0000000008009bee        0x2 c:/st/stm32cubeide_1.7.0/stm32cubeide/plugins/com.st.stm32cube.ide.mcu.externaltools.gnu-tools-for-stm32.9-2020-q2-update.win32_2.0.0.202105311346/tools/bin/../lib/gcc/arm-none-eabi/9.3.1/../../../../arm-none-eabi/lib/thumb/v7e-m+fp/hard\libc_nano.a(lib_a-lock.o)
                0x0000000008009bee                __retarget_lock_release_recursive
 .text.__swhatbuf_r
                0x0000000008009bf0       0x48 c:/st/stm32cubeide_1.7.0/stm32cubeide/plugins/com.st.stm32cube.ide.mcu.externaltools.gnu-tools-for-stm32.9-2020-q2-update.win32_2.0.0.202105311346/tools/bin/../lib/gcc/arm-none-eabi/9.3.1/../../../../arm-none-eabi/lib/thumb/v7e-m+fp/hard\libc_nano.a(lib_a-makebuf.o)
                0x0000000008009bf0                __swhatbuf_r
 .text.__smakebuf_r
                0x0000000008009c38       0x80 c:/st/stm32cubeide_1.7.0/stm32cubeide/plugins/com.st.stm32cube.ide.mcu.externaltools.gnu-tools-for-stm32.9-2020-q2-update.win32_2.0.0.202105311346/tools/bin/../lib/gcc/arm-none-eabi/9.3.1/../../../../arm-none-eabi/lib/thumb/v7e-m+fp/hard\libc_nano.a(lib_a-makebuf.o)
                0x0000000008009c38                __smakebuf_r
 .text.memmove  0x0000000008009cb8       0x34 c:/st/stm32cubeide_1.7.0/stm32cubeide/plugins/com.st.stm32cube.ide.mcu.externaltools.gnu-tools-for-stm32.9-2020-q2-update.win32_2.0.0.202105311346/tools/bin/../lib/gcc/arm-none-eabi/9.3.1/../../../../arm-none-eabi/lib/thumb/v7e-m+fp/hard\libc_nano.a(lib_a-memmove.o)
                0x0000000008009cb8                memmove
 .text.__malloc_lock
                0x0000000008009cec        0xc c:/st/stm32cubeide_1.7.0/stm32cubeide/plugins/com.st.stm32cube.ide.mcu.externaltools.gnu-tools-for-stm32.9-2020-q2-update.win32_2.0.0.202105311346/tools/bin/../lib/gcc/arm-none-eabi/9.3.1/../../../../arm-none-eabi/lib/thumb/v7e-m+fp/hard\libc_nano.a(lib_a-mlock.o)
                0x0000000008009cec                __malloc_lock
 .text.__malloc_unlock
                0x0000000008009cf8        0xc c:/st/stm32cubeide_1.7.0/stm32cubeide/plugins/com.st.stm32cube.ide.mcu.externaltools.gnu-tools-for-stm32.9-2020-q2-update.win32_2.0.0.202105311346/tools/bin/../lib/gcc/arm-none-eabi/9.3.1/../../../../arm-none-eabi/lib/thumb/v7e-m+fp/hard\libc_nano.a(lib_a-mlock.o)
                0x0000000008009cf8                __malloc_unlock
 .text._realloc_r
                0x0000000008009d04       0x4c c:/st/stm32cubeide_1.7.0/stm32cubeide/plugins/com.st.stm32cube.ide.mcu.externaltools.gnu-tools-for-stm32.9-2020-q2-update.win32_2.0.0.202105311346/tools/bin/../lib/gcc/arm-none-eabi/9.3.1/../../../../arm-none-eabi/lib/thumb/v7e-m+fp/hard\libc_nano.a(lib_a-nano-reallocr.o)
                0x0000000008009d04                _realloc_r
 .text._raise_r
                0x0000000008009d50       0x50 c:/st/stm32cubeide_1.7.0/stm32cubeide/plugins/com.st.stm32cube.ide.mcu.externaltools.gnu-tools-for-stm32.9-2020-q2-update.win32_2.0.0.202105311346/tools/bin/../lib/gcc/arm-none-eabi/9.3.1/../../../../arm-none-eabi/lib/thumb/v7e-m+fp/hard\libc_nano.a(lib_a-signal.o)
                0x0000000008009d50                _raise_r
 .text.raise    0x0000000008009da0       0x10 c:/st/stm32cubeide_1.7.0/stm32cubeide/plugins/com.st.stm32cube.ide.mcu.externaltools.gnu-tools-for-stm32.9-2020-q2-update.win32_2.0.0.202105311346/tools/bin/../lib/gcc/arm-none-eabi/9.3.1/../../../../arm-none-eabi/lib/thumb/v7e-m+fp/hard\libc_nano.a(lib_a-signal.o)
                0x0000000008009da0                raise
 .text._kill_r  0x0000000008009db0       0x24 c:/st/stm32cubeide_1.7.0/stm32cubeide/plugins/com.st.stm32cube.ide.mcu.externaltools.gnu-tools-for-stm32.9-2020-q2-update.win32_2.0.0.202105311346/tools/bin/../lib/gcc/arm-none-eabi/9.3.1/../../../../arm-none-eabi/lib/thumb/v7e-m+fp/hard\libc_nano.a(lib_a-signalr.o)
                0x0000000008009db0                _kill_r
 .text._getpid_r
                0x0000000008009dd4        0x4 c:/st/stm32cubeide_1.7.0/stm32cubeide/plugins/com.st.stm32cube.ide.mcu.externaltools.gnu-tools-for-stm32.9-2020-q2-update.win32_2.0.0.202105311346/tools/bin/../lib/gcc/arm-none-eabi/9.3.1/../../../../arm-none-eabi/lib/thumb/v7e-m+fp/hard\libc_nano.a(lib_a-signalr.o)
                0x0000000008009dd4                _getpid_r
 .text.__sread  0x0000000008009dd8       0x22 c:/st/stm32cubeide_1.7.0/stm32cubeide/plugins/com.st.stm32cube.ide.mcu.externaltools.gnu-tools-for-stm32.9-2020-q2-update.win32_2.0.0.202105311346/tools/bin/../lib/gcc/arm-none-eabi/9.3.1/../../../../arm-none-eabi/lib/thumb/v7e-m+fp/hard\libc_nano.a(lib_a-stdio.o)
                0x0000000008009dd8                __sread
 .text.__swrite
                0x0000000008009dfa       0x38 c:/st/stm32cubeide_1.7.0/stm32cubeide/plugins/com.st.stm32cube.ide.mcu.externaltools.gnu-tools-for-stm32.9-2020-q2-update.win32_2.0.0.202105311346/tools/bin/../lib/gcc/arm-none-eabi/9.3.1/../../../../arm-none-eabi/lib/thumb/v7e-m+fp/hard\libc_nano.a(lib_a-stdio.o)
                0x0000000008009dfa                __swrite
 .text.__sseek  0x0000000008009e32       0x24 c:/st/stm32cubeide_1.7.0/stm32cubeide/plugins/com.st.stm32cube.ide.mcu.externaltools.gnu-tools-for-stm32.9-2020-q2-update.win32_2.0.0.202105311346/tools/bin/../lib/gcc/arm-none-eabi/9.3.1/../../../../arm-none-eabi/lib/thumb/v7e-m+fp/hard\libc_nano.a(lib_a-stdio.o)
                0x0000000008009e32                __sseek
 .text.__sclose
                0x0000000008009e56        0x8 c:/st/stm32cubeide_1.7.0/stm32cubeide/plugins/com.st.stm32cube.ide.mcu.externaltools.gnu-tools-for-stm32.9-2020-q2-update.win32_2.0.0.202105311346/tools/bin/../lib/gcc/arm-none-eabi/9.3.1/../../../../arm-none-eabi/lib/thumb/v7e-m+fp/hard\libc_nano.a(lib_a-stdio.o)
                0x0000000008009e56                __sclose
 *fill*         0x0000000008009e5e        0x2 
 .text._write_r
                0x0000000008009e60       0x24 c:/st/stm32cubeide_1.7.0/stm32cubeide/plugins/com.st.stm32cube.ide.mcu.externaltools.gnu-tools-for-stm32.9-2020-q2-update.win32_2.0.0.202105311346/tools/bin/../lib/gcc/arm-none-eabi/9.3.1/../../../../arm-none-eabi/lib/thumb/v7e-m+fp/hard\libc_nano.a(lib_a-writer.o)
                0x0000000008009e60                _write_r
 .text._close_r
                0x0000000008009e84       0x20 c:/st/stm32cubeide_1.7.0/stm32cubeide/plugins/com.st.stm32cube.ide.mcu.externaltools.gnu-tools-for-stm32.9-2020-q2-update.win32_2.0.0.202105311346/tools/bin/../lib/gcc/arm-none-eabi/9.3.1/../../../../arm-none-eabi/lib/thumb/v7e-m+fp/hard\libc_nano.a(lib_a-closer.o)
                0x0000000008009e84                _close_r
 .text._fstat_r
                0x0000000008009ea4       0x24 c:/st/stm32cubeide_1.7.0/stm32cubeide/plugins/com.st.stm32cube.ide.mcu.externaltools.gnu-tools-for-stm32.9-2020-q2-update.win32_2.0.0.202105311346/tools/bin/../lib/gcc/arm-none-eabi/9.3.1/../../../../arm-none-eabi/lib/thumb/v7e-m+fp/hard\libc_nano.a(lib_a-fstatr.o)
                0x0000000008009ea4                _fstat_r
 .text._isatty_r
                0x0000000008009ec8       0x20 c:/st/stm32cubeide_1.7.0/stm32cubeide/plugins/com.st.stm32cube.ide.mcu.externaltools.gnu-tools-for-stm32.9-2020-q2-update.win32_2.0.0.202105311346/tools/bin/../lib/gcc/arm-none-eabi/9.3.1/../../../../arm-none-eabi/lib/thumb/v7e-m+fp/hard\libc_nano.a(lib_a-isattyr.o)
                0x0000000008009ec8                _isatty_r
 .text._lseek_r
                0x0000000008009ee8       0x24 c:/st/stm32cubeide_1.7.0/stm32cubeide/plugins/com.st.stm32cube.ide.mcu.externaltools.gnu-tools-for-stm32.9-2020-q2-update.win32_2.0.0.202105311346/tools/bin/../lib/gcc/arm-none-eabi/9.3.1/../../../../arm-none-eabi/lib/thumb/v7e-m+fp/hard\libc_nano.a(lib_a-lseekr.o)
                0x0000000008009ee8                _lseek_r
 .text._malloc_usable_size_r
                0x0000000008009f0c       0x10 c:/st/stm32cubeide_1.7.0/stm32cubeide/plugins/com.st.stm32cube.ide.mcu.externaltools.gnu-tools-for-stm32.9-2020-q2-update.win32_2.0.0.202105311346/tools/bin/../lib/gcc/arm-none-eabi/9.3.1/../../../../arm-none-eabi/lib/thumb/v7e-m+fp/hard\libc_nano.a(lib_a-nano-msizer.o)
                0x0000000008009f0c                _malloc_usable_size_r
 .text._read_r  0x0000000008009f1c       0x24 c:/st/stm32cubeide_1.7.0/stm32cubeide/plugins/com.st.stm32cube.ide.mcu.externaltools.gnu-tools-for-stm32.9-2020-q2-update.win32_2.0.0.202105311346/tools/bin/../lib/gcc/arm-none-eabi/9.3.1/../../../../arm-none-eabi/lib/thumb/v7e-m+fp/hard\libc_nano.a(lib_a-readr.o)
                0x0000000008009f1c                _read_r
 *(.glue_7)
 .glue_7        0x0000000008009f40        0x0 linker stubs
 *(.glue_7t)
 .glue_7t       0x0000000008009f40        0x0 linker stubs
 *(.eh_frame)
 .eh_frame      0x0000000008009f40        0x0 c:/st/stm32cubeide_1.7.0/stm32cubeide/plugins/com.st.stm32cube.ide.mcu.externaltools.gnu-tools-for-stm32.9-2020-q2-update.win32_2.0.0.202105311346/tools/bin/../lib/gcc/arm-none-eabi/9.3.1/thumb/v7e-m+fp/hard/crtbegin.o
 *(.init)
 .init          0x0000000008009f40        0x4 c:/st/stm32cubeide_1.7.0/stm32cubeide/plugins/com.st.stm32cube.ide.mcu.externaltools.gnu-tools-for-stm32.9-2020-q2-update.win32_2.0.0.202105311346/tools/bin/../lib/gcc/arm-none-eabi/9.3.1/thumb/v7e-m+fp/hard/crti.o
                0x0000000008009f40                _init
 .init          0x0000000008009f44        0x8 c:/st/stm32cubeide_1.7.0/stm32cubeide/plugins/com.st.stm32cube.ide.mcu.externaltools.gnu-tools-for-stm32.9-2020-q2-update.win32_2.0.0.202105311346/tools/bin/../lib/gcc/arm-none-eabi/9.3.1/thumb/v7e-m+fp/hard/crtn.o
 *(.fini)
 .fini          0x0000000008009f4c        0x4 c:/st/stm32cubeide_1.7.0/stm32cubeide/plugins/com.st.stm32cube.ide.mcu.externaltools.gnu-tools-for-stm32.9-2020-q2-update.win32_2.0.0.202105311346/tools/bin/../lib/gcc/arm-none-eabi/9.3.1/thumb/v7e-m+fp/hard/crti.o
                0x0000000008009f4c                _fini
 .fini          0x0000000008009f50        0x8 c:/st/stm32cubeide_1.7.0/stm32cubeide/plugins/com.st.stm32cube.ide.mcu.externaltools.gnu-tools-for-stm32.9-2020-q2-update.win32_2.0.0.202105311346/tools/bin/../lib/gcc/arm-none-eabi/9.3.1/thumb/v7e-m+fp/hard/crtn.o
                0x0000000008009f58                . = ALIGN (0x4)
                0x0000000008009f58                _etext = .

.vfp11_veneer   0x0000000008009f58        0x0
 .vfp11_veneer  0x0000000008009f58        0x0 linker stubs

.v4_bx          0x0000000008009f58        0x0
 .v4_bx         0x0000000008009f58        0x0 linker stubs

.iplt           0x0000000008009f58        0x0
 .iplt          0x0000000008009f58        0x0 c:/st/stm32cubeide_1.7.0/stm32cubeide/plugins/com.st.stm32cube.ide.mcu.externaltools.gnu-tools-for-stm32.9-2020-q2-update.win32_2.0.0.202105311346/tools/bin/../lib/gcc/arm-none-eabi/9.3.1/thumb/v7e-m+fp/hard/crtbegin.o

.rodata         0x0000000008009f58     0x2800
                0x0000000008009f58                . = ALIGN (0x4)
 *(.rodata)
 .rodata        0x0000000008009f58     0x2610 ./Core/Src/Buzzer.o
 .rodata        0x000000000800c568       0x6b ./Core/Src/main.o
 *(.rodata*)
 *fill*         0x000000000800c5d3        0x1 
 .rodata.AHBPrescTable
                0x000000000800c5d4       0x10 ./Core/Src/system_stm32f3xx.o
                0x000000000800c5d4                AHBPrescTable
 .rodata.APBPrescTable
                0x000000000800c5e4        0x8 ./Core/Src/system_stm32f3xx.o
                0x000000000800c5e4                APBPrescTable
 .rodata.aPLLMULFactorTable
                0x000000000800c5ec       0x10 ./Drivers/STM32F3xx_HAL_Driver/Src/stm32f3xx_hal_rcc.o
                0x000000000800c5ec                aPLLMULFactorTable
 .rodata.aPredivFactorTable
                0x000000000800c5fc       0x10 ./Drivers/STM32F3xx_HAL_Driver/Src/stm32f3xx_hal_rcc.o
                0x000000000800c5fc                aPredivFactorTable
 .rodata._global_impure_ptr
                0x000000000800c60c        0x4 c:/st/stm32cubeide_1.7.0/stm32cubeide/plugins/com.st.stm32cube.ide.mcu.externaltools.gnu-tools-for-stm32.9-2020-q2-update.win32_2.0.0.202105311346/tools/bin/../lib/gcc/arm-none-eabi/9.3.1/../../../../arm-none-eabi/lib/thumb/v7e-m+fp/hard\libc_nano.a(lib_a-impure.o)
                0x000000000800c60c                _global_impure_ptr
 .rodata.srand.str1.1
                0x000000000800c610       0x76 c:/st/stm32cubeide_1.7.0/stm32cubeide/plugins/com.st.stm32cube.ide.mcu.externaltools.gnu-tools-for-stm32.9-2020-q2-update.win32_2.0.0.202105311346/tools/bin/../lib/gcc/arm-none-eabi/9.3.1/../../../../arm-none-eabi/lib/thumb/v7e-m+fp/hard\libc_nano.a(lib_a-rand.o)
 .rodata.__assert_func.str1.1
                0x000000000800c686       0x3c c:/st/stm32cubeide_1.7.0/stm32cubeide/plugins/com.st.stm32cube.ide.mcu.externaltools.gnu-tools-for-stm32.9-2020-q2-update.win32_2.0.0.202105311346/tools/bin/../lib/gcc/arm-none-eabi/9.3.1/../../../../arm-none-eabi/lib/thumb/v7e-m+fp/hard\libc_nano.a(lib_a-assert.o)
                                         0x3d (size before relaxing)
 .rodata._svfprintf_r.str1.1
                0x000000000800c6c2       0x11 c:/st/stm32cubeide_1.7.0/stm32cubeide/plugins/com.st.stm32cube.ide.mcu.externaltools.gnu-tools-for-stm32.9-2020-q2-update.win32_2.0.0.202105311346/tools/bin/../lib/gcc/arm-none-eabi/9.3.1/../../../../arm-none-eabi/lib/thumb/v7e-m+fp/hard\libc_nano.a(lib_a-nano-svfprintf.o)
 .rodata._vfprintf_r.str1.1
                0x000000000800c6d3       0x11 c:/st/stm32cubeide_1.7.0/stm32cubeide/plugins/com.st.stm32cube.ide.mcu.externaltools.gnu-tools-for-stm32.9-2020-q2-update.win32_2.0.0.202105311346/tools/bin/../lib/gcc/arm-none-eabi/9.3.1/../../../../arm-none-eabi/lib/thumb/v7e-m+fp/hard\libc_nano.a(lib_a-nano-vfprintf.o)
 .rodata._printf_i.str1.1
                0x000000000800c6d3       0x22 c:/st/stm32cubeide_1.7.0/stm32cubeide/plugins/com.st.stm32cube.ide.mcu.externaltools.gnu-tools-for-stm32.9-2020-q2-update.win32_2.0.0.202105311346/tools/bin/../lib/gcc/arm-none-eabi/9.3.1/../../../../arm-none-eabi/lib/thumb/v7e-m+fp/hard\libc_nano.a(lib_a-nano-vfprintf_i.o)
 *fill*         0x000000000800c6f5        0x3 
 .rodata.__sf_fake_stderr
                0x000000000800c6f8       0x20 c:/st/stm32cubeide_1.7.0/stm32cubeide/plugins/com.st.stm32cube.ide.mcu.externaltools.gnu-tools-for-stm32.9-2020-q2-update.win32_2.0.0.202105311346/tools/bin/../lib/gcc/arm-none-eabi/9.3.1/../../../../arm-none-eabi/lib/thumb/v7e-m+fp/hard\libc_nano.a(lib_a-findfp.o)
                0x000000000800c6f8                __sf_fake_stderr
 .rodata.__sf_fake_stdin
                0x000000000800c718       0x20 c:/st/stm32cubeide_1.7.0/stm32cubeide/plugins/com.st.stm32cube.ide.mcu.externaltools.gnu-tools-for-stm32.9-2020-q2-update.win32_2.0.0.202105311346/tools/bin/../lib/gcc/arm-none-eabi/9.3.1/../../../../arm-none-eabi/lib/thumb/v7e-m+fp/hard\libc_nano.a(lib_a-findfp.o)
                0x000000000800c718                __sf_fake_stdin
 .rodata.__sf_fake_stdout
                0x000000000800c738       0x20 c:/st/stm32cubeide_1.7.0/stm32cubeide/plugins/com.st.stm32cube.ide.mcu.externaltools.gnu-tools-for-stm32.9-2020-q2-update.win32_2.0.0.202105311346/tools/bin/../lib/gcc/arm-none-eabi/9.3.1/../../../../arm-none-eabi/lib/thumb/v7e-m+fp/hard\libc_nano.a(lib_a-findfp.o)
                0x000000000800c738                __sf_fake_stdout
                0x000000000800c758                . = ALIGN (0x4)

.rel.dyn        0x000000000800c758        0x0
 .rel.iplt      0x000000000800c758        0x0 c:/st/stm32cubeide_1.7.0/stm32cubeide/plugins/com.st.stm32cube.ide.mcu.externaltools.gnu-tools-for-stm32.9-2020-q2-update.win32_2.0.0.202105311346/tools/bin/../lib/gcc/arm-none-eabi/9.3.1/thumb/v7e-m+fp/hard/crtbegin.o

.ARM.extab      0x000000000800c758        0x0
                0x000000000800c758                . = ALIGN (0x4)
 *(.ARM.extab* .gnu.linkonce.armextab.*)
                0x000000000800c758                . = ALIGN (0x4)

.ARM            0x000000000800c758        0x0
                0x000000000800c758                . = ALIGN (0x4)
                0x000000000800c758                __exidx_start = .
 *(.ARM.exidx*)
                0x000000000800c758                __exidx_end = .
                0x000000000800c758                . = ALIGN (0x4)

.preinit_array  0x000000000800c758        0x0
                0x000000000800c758                . = ALIGN (0x4)
                0x000000000800c758                PROVIDE (__preinit_array_start = .)
 *(.preinit_array*)
                0x000000000800c758                PROVIDE (__preinit_array_end = .)
                0x000000000800c758                . = ALIGN (0x4)

.init_array     0x000000000800c758        0x4
                0x000000000800c758                . = ALIGN (0x4)
                0x000000000800c758                PROVIDE (__init_array_start = .)
 *(SORT_BY_NAME(.init_array.*))
 *(.init_array*)
 .init_array    0x000000000800c758        0x4 c:/st/stm32cubeide_1.7.0/stm32cubeide/plugins/com.st.stm32cube.ide.mcu.externaltools.gnu-tools-for-stm32.9-2020-q2-update.win32_2.0.0.202105311346/tools/bin/../lib/gcc/arm-none-eabi/9.3.1/thumb/v7e-m+fp/hard/crtbegin.o
                0x000000000800c75c                PROVIDE (__init_array_end = .)
                0x000000000800c75c                . = ALIGN (0x4)

.fini_array     0x000000000800c75c        0x4
                0x000000000800c75c                . = ALIGN (0x4)
                [!provide]                        PROVIDE (__fini_array_start = .)
 *(SORT_BY_NAME(.fini_array.*))
 *(.fini_array*)
 .fini_array    0x000000000800c75c        0x4 c:/st/stm32cubeide_1.7.0/stm32cubeide/plugins/com.st.stm32cube.ide.mcu.externaltools.gnu-tools-for-stm32.9-2020-q2-update.win32_2.0.0.202105311346/tools/bin/../lib/gcc/arm-none-eabi/9.3.1/thumb/v7e-m+fp/hard/crtbegin.o
                [!provide]                        PROVIDE (__fini_array_end = .)
                0x000000000800c760                . = ALIGN (0x4)
                0x000000000800c760                _sidata = LOADADDR (.data)

.data           0x0000000020000000       0xcc load address 0x000000000800c760
                0x0000000020000000                . = ALIGN (0x4)
                0x0000000020000000                _sdata = .
 *(.data)
 *(.data*)
 .data._fourbit_mode
                0x0000000020000000        0x1 ./Core/Src/LiquidCrystal.o
                0x0000000020000000                _fourbit_mode
 *fill*         0x0000000020000001        0x3 
 .data.doodler  0x0000000020000004        0x8 ./Core/Src/main.o
                0x0000000020000004                doodler
 .data.stair    0x000000002000000c        0x8 ./Core/Src/main.o
                0x000000002000000c                stair
 .data.brokenStair
                0x0000000020000014        0x8 ./Core/Src/main.o
                0x0000000020000014                brokenStair
 .data.coil     0x000000002000001c        0x8 ./Core/Src/main.o
                0x000000002000001c                coil
 .data.hole     0x0000000020000024        0x8 ./Core/Src/main.o
                0x0000000020000024                hole
 .data.monster  0x000000002000002c        0x8 ./Core/Src/main.o
                0x000000002000002c                monster
 .data.shotCharactor
                0x0000000020000034        0x8 ./Core/Src/main.o
                0x0000000020000034                shotCharactor
 .data.difficulty
                0x000000002000003c        0x4 ./Core/Src/main.o
                0x000000002000003c                difficulty
 .data.doodlerDisplacementCount
                0x0000000020000040        0x4 ./Core/Src/main.o
                0x0000000020000040                doodlerDisplacementCount
 .data.upStatus
                0x0000000020000044        0x4 ./Core/Src/main.o
                0x0000000020000044                upStatus
 .data.realCharactorInCurrentPosition
                0x0000000020000048        0x4 ./Core/Src/main.o
                0x0000000020000048                realCharactorInCurrentPosition
 .data.lockMoving
                0x000000002000004c        0x4 ./Core/Src/main.o
                0x000000002000004c                lockMoving
 .data.isInOverViewPage
                0x0000000020000050        0x4 ./Core/Src/main.o
                0x0000000020000050                isInOverViewPage
 .data.x        0x0000000020000054        0x4 ./Core/Src/main.o
                0x0000000020000054                x
 .data.y        0x0000000020000058        0x4 ./Core/Src/main.o
                0x0000000020000058                y
 .data.SystemCoreClock
                0x000000002000005c        0x4 ./Core/Src/system_stm32f3xx.o
                0x000000002000005c                SystemCoreClock
 .data.uwTickPrio
                0x0000000020000060        0x4 ./Drivers/STM32F3xx_HAL_Driver/Src/stm32f3xx_hal.o
                0x0000000020000060                uwTickPrio
 .data.uwTickFreq
                0x0000000020000064        0x1 ./Drivers/STM32F3xx_HAL_Driver/Src/stm32f3xx_hal.o
                0x0000000020000064                uwTickFreq
 *fill*         0x0000000020000065        0x3 
 .data._impure_ptr
                0x0000000020000068        0x4 c:/st/stm32cubeide_1.7.0/stm32cubeide/plugins/com.st.stm32cube.ide.mcu.externaltools.gnu-tools-for-stm32.9-2020-q2-update.win32_2.0.0.202105311346/tools/bin/../lib/gcc/arm-none-eabi/9.3.1/../../../../arm-none-eabi/lib/thumb/v7e-m+fp/hard\libc_nano.a(lib_a-impure.o)
                0x0000000020000068                _impure_ptr
 .data.impure_data
                0x000000002000006c       0x60 c:/st/stm32cubeide_1.7.0/stm32cubeide/plugins/com.st.stm32cube.ide.mcu.externaltools.gnu-tools-for-stm32.9-2020-q2-update.win32_2.0.0.202105311346/tools/bin/../lib/gcc/arm-none-eabi/9.3.1/../../../../arm-none-eabi/lib/thumb/v7e-m+fp/hard\libc_nano.a(lib_a-impure.o)
 *(.RamFunc)
 *(.RamFunc*)
                0x00000000200000cc                . = ALIGN (0x4)
                0x00000000200000cc                _edata = .
                0x000000000800c82c                _siccmram = LOADADDR (.ccmram)

.igot.plt       0x00000000200000cc        0x0 load address 0x000000000800c82c
 .igot.plt      0x00000000200000cc        0x0 c:/st/stm32cubeide_1.7.0/stm32cubeide/plugins/com.st.stm32cube.ide.mcu.externaltools.gnu-tools-for-stm32.9-2020-q2-update.win32_2.0.0.202105311346/tools/bin/../lib/gcc/arm-none-eabi/9.3.1/thumb/v7e-m+fp/hard/crtbegin.o

.ccmram         0x0000000010000000        0x0 load address 0x000000000800c82c
                0x0000000010000000                . = ALIGN (0x4)
                0x0000000010000000                _sccmram = .
 *(.ccmram)
 *(.ccmram*)
                0x0000000010000000                . = ALIGN (0x4)
                0x0000000010000000                _eccmram = .
                0x0000000010000000                . = ALIGN (0x4)

.bss            0x00000000200000cc      0x734
                0x00000000200000cc                _sbss = .
                0x00000000200000cc                __bss_start__ = _sbss
 *(.bss)
 .bss           0x00000000200000cc       0x1c c:/st/stm32cubeide_1.7.0/stm32cubeide/plugins/com.st.stm32cube.ide.mcu.externaltools.gnu-tools-for-stm32.9-2020-q2-update.win32_2.0.0.202105311346/tools/bin/../lib/gcc/arm-none-eabi/9.3.1/thumb/v7e-m+fp/hard/crtbegin.o
 *(.bss*)
 .bss.dotsize   0x00000000200000e8        0x1 ./Core/Src/LiquidCrystal.o
                0x00000000200000e8                dotsize
 *fill*         0x00000000200000e9        0x3 
 .bss.score     0x00000000200000ec        0x4 ./Core/Src/main.o
                0x00000000200000ec                score
 .bss.doodlerPosition
                0x00000000200000f0        0x8 ./Core/Src/main.o
                0x00000000200000f0                doodlerPosition
 .bss.downStatus
                0x00000000200000f8        0x4 ./Core/Src/main.o
                0x00000000200000f8                downStatus
 .bss.startMoveDown
                0x00000000200000fc        0x4 ./Core/Src/main.o
                0x00000000200000fc                startMoveDown
 .bss.isInMenu  0x0000000020000100        0x4 ./Core/Src/main.o
                0x0000000020000100                isInMenu
 .bss.isInMembersPage
                0x0000000020000104        0x4 ./Core/Src/main.o
                0x0000000020000104                isInMembersPage
 .bss.isGameStarted
                0x0000000020000108        0x4 ./Core/Src/main.o
                0x0000000020000108                isGameStarted
 .bss.isShotInScreen
                0x000000002000010c        0x4 ./Core/Src/main.o
                0x000000002000010c                isShotInScreen
 .bss.now       0x0000000020000110        0x4 ./Core/Src/main.o
                0x0000000020000110                now
 .bss.value     0x0000000020000114        0x4 ./Core/Src/main.o
                0x0000000020000114                value
 .bss.__sbrk_heap_end
                0x0000000020000118        0x4 ./Core/Src/sysmem.o
 .bss.__malloc_free_list
                0x000000002000011c        0x4 c:/st/stm32cubeide_1.7.0/stm32cubeide/plugins/com.st.stm32cube.ide.mcu.externaltools.gnu-tools-for-stm32.9-2020-q2-update.win32_2.0.0.202105311346/tools/bin/../lib/gcc/arm-none-eabi/9.3.1/../../../../arm-none-eabi/lib/thumb/v7e-m+fp/hard\libc_nano.a(lib_a-nano-mallocr.o)
                0x000000002000011c                __malloc_free_list
 .bss.__malloc_sbrk_start
                0x0000000020000120        0x4 c:/st/stm32cubeide_1.7.0/stm32cubeide/plugins/com.st.stm32cube.ide.mcu.externaltools.gnu-tools-for-stm32.9-2020-q2-update.win32_2.0.0.202105311346/tools/bin/../lib/gcc/arm-none-eabi/9.3.1/../../../../arm-none-eabi/lib/thumb/v7e-m+fp/hard\libc_nano.a(lib_a-nano-mallocr.o)
                0x0000000020000120                __malloc_sbrk_start
 *(COMMON)
 COMMON         0x0000000020000124        0x8 ./Core/Src/Buzzer.o
                0x0000000020000124                BUZZER_TIM_CHANNEL
                0x0000000020000128                BUZZER_htim
 COMMON         0x000000002000012c       0x27 ./Core/Src/LiquidCrystal.o
                0x000000002000012c                _row_offsets
                0x0000000020000130                _rw_pin
                0x0000000020000134                _port
                0x0000000020000138                _displaycontrol
                0x0000000020000139                _numlines
                0x000000002000013c                _data_pins
                0x000000002000014c                _displaymode
                0x000000002000014d                _displayfunction
                0x000000002000014e                _enable_pin
                0x0000000020000150                _rs_pin
                0x0000000020000152                _initialized
 *fill*         0x0000000020000153        0x1 
 COMMON         0x0000000020000154      0x698 ./Core/Src/main.o
                0x0000000020000154                newPosition
                0x000000002000015c                shotPosition
                0x0000000020000164                htim4
                0x00000000200001b0                hi2c1
                0x00000000200001fc                board
                0x000000002000033c                realCharactorInShotPosiotion
                0x0000000020000340                htim3
                0x000000002000038c                lastPosition
                0x0000000020000394                hadc1
                0x00000000200003e4                buffer
                0x0000000020000404                htim1
                0x0000000020000450                hspi1
                0x00000000200004b4                htim2
                0x0000000020000500                hpcd_USB_FS
 COMMON         0x00000000200007ec        0x4 ./Drivers/STM32F3xx_HAL_Driver/Src/stm32f3xx_hal.o
                0x00000000200007ec                uwTick
 COMMON         0x00000000200007f0        0x9 c:/st/stm32cubeide_1.7.0/stm32cubeide/plugins/com.st.stm32cube.ide.mcu.externaltools.gnu-tools-for-stm32.9-2020-q2-update.win32_2.0.0.202105311346/tools/bin/../lib/gcc/arm-none-eabi/9.3.1/../../../../arm-none-eabi/lib/thumb/v7e-m+fp/hard\libc_nano.a(lib_a-lock.o)
                0x00000000200007f0                __lock___atexit_recursive_mutex
                0x00000000200007f1                __lock___arc4random_mutex
                0x00000000200007f2                __lock___env_recursive_mutex
                0x00000000200007f3                __lock___sinit_recursive_mutex
                0x00000000200007f4                __lock___malloc_recursive_mutex
                0x00000000200007f5                __lock___at_quick_exit_mutex
                0x00000000200007f6                __lock___dd_hash_mutex
                0x00000000200007f7                __lock___tz_mutex
                0x00000000200007f8                __lock___sfp_recursive_mutex
 *fill*         0x00000000200007f9        0x3 
 COMMON         0x00000000200007fc        0x4 c:/st/stm32cubeide_1.7.0/stm32cubeide/plugins/com.st.stm32cube.ide.mcu.externaltools.gnu-tools-for-stm32.9-2020-q2-update.win32_2.0.0.202105311346/tools/bin/../lib/gcc/arm-none-eabi/9.3.1/../../../../arm-none-eabi/lib/thumb/v7e-m+fp/hard\libc_nano.a(lib_a-reent.o)
                0x00000000200007fc                errno
                0x0000000020000800                . = ALIGN (0x4)
                0x0000000020000800                _ebss = .
                0x0000000020000800                __bss_end__ = _ebss

._user_heap_stack
                0x0000000020000800      0x600
                0x0000000020000800                . = ALIGN (0x8)
                [!provide]                        PROVIDE (end = .)
                0x0000000020000800                PROVIDE (_end = .)
                0x0000000020000a00                . = (. + _Min_Heap_Size)
 *fill*         0x0000000020000800      0x200 
                0x0000000020000e00                . = (. + _Min_Stack_Size)
 *fill*         0x0000000020000a00      0x400 
                0x0000000020000e00                . = ALIGN (0x8)

/DISCARD/
 libc.a(*)
 libm.a(*)
 libgcc.a(*)

.ARM.attributes
                0x0000000000000000       0x30
 *(.ARM.attributes)
 .ARM.attributes
                0x0000000000000000       0x1e c:/st/stm32cubeide_1.7.0/stm32cubeide/plugins/com.st.stm32cube.ide.mcu.externaltools.gnu-tools-for-stm32.9-2020-q2-update.win32_2.0.0.202105311346/tools/bin/../lib/gcc/arm-none-eabi/9.3.1/thumb/v7e-m+fp/hard/crti.o
 .ARM.attributes
                0x000000000000001e       0x34 c:/st/stm32cubeide_1.7.0/stm32cubeide/plugins/com.st.stm32cube.ide.mcu.externaltools.gnu-tools-for-stm32.9-2020-q2-update.win32_2.0.0.202105311346/tools/bin/../lib/gcc/arm-none-eabi/9.3.1/thumb/v7e-m+fp/hard/crtbegin.o
 .ARM.attributes
                0x0000000000000052       0x34 ./Core/Src/Buzzer.o
 .ARM.attributes
                0x0000000000000086       0x34 ./Core/Src/LiquidCrystal.o
 .ARM.attributes
                0x00000000000000ba       0x34 ./Core/Src/main.o
 .ARM.attributes
                0x00000000000000ee       0x34 ./Core/Src/stm32f3xx_hal_msp.o
 .ARM.attributes
                0x0000000000000122       0x34 ./Core/Src/stm32f3xx_it.o
 .ARM.attributes
                0x0000000000000156       0x34 ./Core/Src/syscalls.o
 .ARM.attributes
                0x000000000000018a       0x34 ./Core/Src/sysmem.o
 .ARM.attributes
                0x00000000000001be       0x34 ./Core/Src/system_stm32f3xx.o
 .ARM.attributes
                0x00000000000001f2       0x21 ./Core/Startup/startup_stm32f303vctx.o
 .ARM.attributes
                0x0000000000000213       0x34 ./Drivers/STM32F3xx_HAL_Driver/Src/stm32f3xx_hal.o
 .ARM.attributes
                0x0000000000000247       0x34 ./Drivers/STM32F3xx_HAL_Driver/Src/stm32f3xx_hal_adc.o
 .ARM.attributes
                0x000000000000027b       0x34 ./Drivers/STM32F3xx_HAL_Driver/Src/stm32f3xx_hal_adc_ex.o
 .ARM.attributes
                0x00000000000002af       0x34 ./Drivers/STM32F3xx_HAL_Driver/Src/stm32f3xx_hal_cortex.o
 .ARM.attributes
                0x00000000000002e3       0x34 ./Drivers/STM32F3xx_HAL_Driver/Src/stm32f3xx_hal_gpio.o
 .ARM.attributes
                0x0000000000000317       0x34 ./Drivers/STM32F3xx_HAL_Driver/Src/stm32f3xx_hal_i2c.o
 .ARM.attributes
                0x000000000000034b       0x34 ./Drivers/STM32F3xx_HAL_Driver/Src/stm32f3xx_hal_i2c_ex.o
 .ARM.attributes
                0x000000000000037f       0x34 ./Drivers/STM32F3xx_HAL_Driver/Src/stm32f3xx_hal_pcd.o
 .ARM.attributes
                0x00000000000003b3       0x34 ./Drivers/STM32F3xx_HAL_Driver/Src/stm32f3xx_hal_rcc.o
 .ARM.attributes
                0x00000000000003e7       0x34 ./Drivers/STM32F3xx_HAL_Driver/Src/stm32f3xx_hal_rcc_ex.o
 .ARM.attributes
                0x000000000000041b       0x34 ./Drivers/STM32F3xx_HAL_Driver/Src/stm32f3xx_hal_spi.o
 .ARM.attributes
                0x000000000000044f       0x34 ./Drivers/STM32F3xx_HAL_Driver/Src/stm32f3xx_hal_tim.o
 .ARM.attributes
                0x0000000000000483       0x34 ./Drivers/STM32F3xx_HAL_Driver/Src/stm32f3xx_hal_tim_ex.o
 .ARM.attributes
                0x00000000000004b7       0x34 ./Drivers/STM32F3xx_HAL_Driver/Src/stm32f3xx_ll_usb.o
 .ARM.attributes
                0x00000000000004eb       0x34 c:/st/stm32cubeide_1.7.0/stm32cubeide/plugins/com.st.stm32cube.ide.mcu.externaltools.gnu-tools-for-stm32.9-2020-q2-update.win32_2.0.0.202105311346/tools/bin/../lib/gcc/arm-none-eabi/9.3.1/../../../../arm-none-eabi/lib/thumb/v7e-m+fp/hard\libc_nano.a(lib_a-errno.o)
 .ARM.attributes
                0x000000000000051f       0x32 c:/st/stm32cubeide_1.7.0/stm32cubeide/plugins/com.st.stm32cube.ide.mcu.externaltools.gnu-tools-for-stm32.9-2020-q2-update.win32_2.0.0.202105311346/tools/bin/../lib/gcc/arm-none-eabi/9.3.1/../../../../arm-none-eabi/lib/thumb/v7e-m+fp/hard\libc_nano.a(lib_a-impure.o)
 .ARM.attributes
                0x0000000000000551       0x34 c:/st/stm32cubeide_1.7.0/stm32cubeide/plugins/com.st.stm32cube.ide.mcu.externaltools.gnu-tools-for-stm32.9-2020-q2-update.win32_2.0.0.202105311346/tools/bin/../lib/gcc/arm-none-eabi/9.3.1/../../../../arm-none-eabi/lib/thumb/v7e-m+fp/hard\libc_nano.a(lib_a-init.o)
 .ARM.attributes
                0x0000000000000585       0x34 c:/st/stm32cubeide_1.7.0/stm32cubeide/plugins/com.st.stm32cube.ide.mcu.externaltools.gnu-tools-for-stm32.9-2020-q2-update.win32_2.0.0.202105311346/tools/bin/../lib/gcc/arm-none-eabi/9.3.1/../../../../arm-none-eabi/lib/thumb/v7e-m+fp/hard\libc_nano.a(lib_a-memcpy-stub.o)
 .ARM.attributes
                0x00000000000005b9       0x34 c:/st/stm32cubeide_1.7.0/stm32cubeide/plugins/com.st.stm32cube.ide.mcu.externaltools.gnu-tools-for-stm32.9-2020-q2-update.win32_2.0.0.202105311346/tools/bin/../lib/gcc/arm-none-eabi/9.3.1/../../../../arm-none-eabi/lib/thumb/v7e-m+fp/hard\libc_nano.a(lib_a-memset.o)
 .ARM.attributes
                0x00000000000005ed       0x34 c:/st/stm32cubeide_1.7.0/stm32cubeide/plugins/com.st.stm32cube.ide.mcu.externaltools.gnu-tools-for-stm32.9-2020-q2-update.win32_2.0.0.202105311346/tools/bin/../lib/gcc/arm-none-eabi/9.3.1/../../../../arm-none-eabi/lib/thumb/v7e-m+fp/hard\libc_nano.a(lib_a-rand.o)
 .ARM.attributes