main.c:204:6:initBoard	16	static
main.c:212:6:shot	8	static
main.c:227:6:print1OnScreen	8	static
main.c:246:6:print2OnScreen	8	static
main.c:285:6:print3OnScreen	8	static
main.c:314:6:clearScreen	16	static
main.c:323:6:startGame	8	static
main.c:338:6:showGameOverView	8	static
main.c:364:6:menu	8	static
main.c:375:6:showGroupMembersName	8	static
main.c:387:6:changeBoard	24	static
main.c:398:6:horizontalMoving	16	static
main.c:420:6:Rows_Set_Mode	16	static
main.c:429:9:Get_Pressed_Row	16	static
main.c:460:6:HAL_GPIO_EXTI_Callback	24	static
main.c:517:6:numberToBCD	32	static
main.c:538:6:HAL_ADC_ConvCpltCallback	24	static
main.c:550:5:getRandom	24	static
main.c:555:6:initialCharactorToBoard	40	static
main.c:569:5:checkStairInsideDoodler	32	static
main.c:580:6:validateInitializeBoard	24	static
main.c:597:6:updateScore	16	static
main.c:601:6:changeShot	8	static
main.c:609:6:pageUp	24	static
main.c:642:6:printBoard	24	static
main.c:653:6:genarateBoard	64	static
main.c:691:6:crashEmptyCell	8	static
main.c:712:6:crashStair	8	static
main.c:717:6:crashBrokenStair	8	static
main.c:738:6:crashCoil	8	static
main.c:744:6:gameOver	8	static
main.c:759:6:crashHole	8	static
main.c:765:6:crashMonster	4	static
main.c:771:6:checkDownChange	8	static
main.c:800:6:setLastAndNewPosition	16	static
main.c:807:6:normalMoveDown	8	static
main.c:812:6:crashMonsterMoveDown	8	static
main.c:825:6:checkUpChange	8	static
main.c:855:6:moveUp	16	static
main.c:865:6:changeDoodlerPosition	16	static
main.c:891:6:moveShot	8	static
main.c:914:6:moveDoodler	8	static
main.c:927:6:HAL_TIM_PeriodElapsedCallback	16	static
main.c:1000:5:main	24	static
main.c:1090:6:SystemClock_Config	128	static
main.c:1141:13:MX_ADC1_Init	48	static
main.c:1204:13:MX_I2C1_Init	8	static
main.c:1250:13:MX_SPI1_Init	8	static
main.c:1290:13:MX_TIM1_Init	40	static
main.c:1337:13:MX_TIM2_Init	48	static
main.c:1386:13:MX_TIM3_Init	40	static
main.c:1431:13:MX_TIM4_Init	40	static
main.c:1476:13:MX_USB_PCD_Init	8	static
main.c:1507:13:MX_GPIO_Init	56	static
main.c:1619:6:Error_Handler	4	static,ignoring_inline_asm
