stm32f3xx_it.c:73:6:NMI_Handler	4	static
stm32f3xx_it.c:88:6:HardFault_Handler	4	static
stm32f3xx_it.c:103:6:MemManage_Handler	4	static
stm32f3xx_it.c:118:6:BusFault_Handler	4	static
stm32f3xx_it.c:133:6:UsageFault_Handler	4	static
stm32f3xx_it.c:148:6:SVC_Handler	4	static
stm32f3xx_it.c:161:6:DebugMon_Handler	4	static
stm32f3xx_it.c:174:6:PendSV_Handler	4	static
stm32f3xx_it.c:187:6:SysTick_Handler	8	static
stm32f3xx_it.c:208:6:EXTI0_IRQHandler	8	static
stm32f3xx_it.c:222:6:EXTI1_IRQHandler	8	static
stm32f3xx_it.c:236:6:EXTI2_TSC_IRQHandler	8	static
stm32f3xx_it.c:250:6:EXTI3_IRQHandler	8	static
stm32f3xx_it.c:264:6:ADC1_2_IRQHandler	8	static
stm32f3xx_it.c:278:6:TIM1_BRK_TIM15_IRQHandler	8	static
stm32f3xx_it.c:292:6:TIM3_IRQHandler	8	static
stm32f3xx_it.c:306:6:TIM4_IRQHandler	8	static
